Archive member included to satisfy reference by file (symbol)

C:/NXP/S32DS.3.5/S32DS/build_tools/gcc_b1620/gcc-6.3-arm32-eabi/arm-none-eabi/newlib/lib/thumb/v7e-m/fpv4-sp/hard\libc_nano.a(lib_a-exit.o)
                              C:/NXP/S32DS.3.5/S32DS/build_tools/gcc_b1620/gcc-6.3-arm32-eabi/arm-none-eabi/newlib/lib/thumb/v7e-m/fpv4-sp/hard/crt0.o (exit)
C:/NXP/S32DS.3.5/S32DS/build_tools/gcc_b1620/gcc-6.3-arm32-eabi/arm-none-eabi/newlib/lib/thumb/v7e-m/fpv4-sp/hard\libc_nano.a(lib_a-impure.o)
                              C:/NXP/S32DS.3.5/S32DS/build_tools/gcc_b1620/gcc-6.3-arm32-eabi/arm-none-eabi/newlib/lib/thumb/v7e-m/fpv4-sp/hard\libc_nano.a(lib_a-exit.o) (_global_impure_ptr)
C:/NXP/S32DS.3.5/S32DS/build_tools/gcc_b1620/gcc-6.3-arm32-eabi/arm-none-eabi/newlib/lib/thumb/v7e-m/fpv4-sp/hard\libc_nano.a(lib_a-init.o)
                              C:/NXP/S32DS.3.5/S32DS/build_tools/gcc_b1620/gcc-6.3-arm32-eabi/arm-none-eabi/newlib/lib/thumb/v7e-m/fpv4-sp/hard/crt0.o (__libc_init_array)
C:/NXP/S32DS.3.5/S32DS/build_tools/gcc_b1620/gcc-6.3-arm32-eabi/arm-none-eabi/newlib/lib/thumb/v7e-m/fpv4-sp/hard\libc_nano.a(lib_a-memset.o)
                              C:/NXP/S32DS.3.5/S32DS/build_tools/gcc_b1620/gcc-6.3-arm32-eabi/arm-none-eabi/newlib/lib/thumb/v7e-m/fpv4-sp/hard/crt0.o (memset)
C:/NXP/S32DS.3.5/S32DS/build_tools/gcc_b1620/gcc-6.3-arm32-eabi/arm-none-eabi/newlib/lib/thumb/v7e-m/fpv4-sp/hard\libc_nano.a(lib_a-strncpy.o)
                              ./src/commcanoe.o (strncpy)
C:/NXP/S32DS.3.5/S32DS/build_tools/gcc_b1620/gcc-6.3-arm32-eabi/arm-none-eabi/newlib/lib/thumb/v7e-m/fpv4-sp/hard\libnosys.a(_exit.o)
                              C:/NXP/S32DS.3.5/S32DS/build_tools/gcc_b1620/gcc-6.3-arm32-eabi/arm-none-eabi/newlib/lib/thumb/v7e-m/fpv4-sp/hard\libc_nano.a(lib_a-exit.o) (_exit)

Discarded input sections

 .text          0x00000000        0x0 c:/nxp/s32ds.3.5/s32ds/build_tools/gcc_b1620/gcc-6.3-arm32-eabi/bin/../lib/gcc/arm-none-eabi/6.3.1/thumb/v7e-m/fpv4-sp/hard/crti.o
 .data          0x00000000        0x0 c:/nxp/s32ds.3.5/s32ds/build_tools/gcc_b1620/gcc-6.3-arm32-eabi/bin/../lib/gcc/arm-none-eabi/6.3.1/thumb/v7e-m/fpv4-sp/hard/crti.o
 .bss           0x00000000        0x0 c:/nxp/s32ds.3.5/s32ds/build_tools/gcc_b1620/gcc-6.3-arm32-eabi/bin/../lib/gcc/arm-none-eabi/6.3.1/thumb/v7e-m/fpv4-sp/hard/crti.o
 .text          0x00000000       0xa4 c:/nxp/s32ds.3.5/s32ds/build_tools/gcc_b1620/gcc-6.3-arm32-eabi/bin/../lib/gcc/arm-none-eabi/6.3.1/thumb/v7e-m/fpv4-sp/hard/crtbegin.o
 .data          0x00000000        0x4 c:/nxp/s32ds.3.5/s32ds/build_tools/gcc_b1620/gcc-6.3-arm32-eabi/bin/../lib/gcc/arm-none-eabi/6.3.1/thumb/v7e-m/fpv4-sp/hard/crtbegin.o
 .bss           0x00000000       0x1c c:/nxp/s32ds.3.5/s32ds/build_tools/gcc_b1620/gcc-6.3-arm32-eabi/bin/../lib/gcc/arm-none-eabi/6.3.1/thumb/v7e-m/fpv4-sp/hard/crtbegin.o
 .init_array    0x00000000        0x4 c:/nxp/s32ds.3.5/s32ds/build_tools/gcc_b1620/gcc-6.3-arm32-eabi/bin/../lib/gcc/arm-none-eabi/6.3.1/thumb/v7e-m/fpv4-sp/hard/crtbegin.o
 .fini_array    0x00000000        0x4 c:/nxp/s32ds.3.5/s32ds/build_tools/gcc_b1620/gcc-6.3-arm32-eabi/bin/../lib/gcc/arm-none-eabi/6.3.1/thumb/v7e-m/fpv4-sp/hard/crtbegin.o
 .eh_frame      0x00000000        0x0 c:/nxp/s32ds.3.5/s32ds/build_tools/gcc_b1620/gcc-6.3-arm32-eabi/bin/../lib/gcc/arm-none-eabi/6.3.1/thumb/v7e-m/fpv4-sp/hard/crtbegin.o
 .jcr           0x00000000        0x0 c:/nxp/s32ds.3.5/s32ds/build_tools/gcc_b1620/gcc-6.3-arm32-eabi/bin/../lib/gcc/arm-none-eabi/6.3.1/thumb/v7e-m/fpv4-sp/hard/crtbegin.o
 .tm_clone_table
                0x00000000        0x0 c:/nxp/s32ds.3.5/s32ds/build_tools/gcc_b1620/gcc-6.3-arm32-eabi/bin/../lib/gcc/arm-none-eabi/6.3.1/thumb/v7e-m/fpv4-sp/hard/crtbegin.o
 .comment       0x00000000       0x7f c:/nxp/s32ds.3.5/s32ds/build_tools/gcc_b1620/gcc-6.3-arm32-eabi/bin/../lib/gcc/arm-none-eabi/6.3.1/thumb/v7e-m/fpv4-sp/hard/crtbegin.o
 .ARM.attributes
                0x00000000       0x34 c:/nxp/s32ds.3.5/s32ds/build_tools/gcc_b1620/gcc-6.3-arm32-eabi/bin/../lib/gcc/arm-none-eabi/6.3.1/thumb/v7e-m/fpv4-sp/hard/crtbegin.o
 .text          0x00000000       0x7c C:/NXP/S32DS.3.5/S32DS/build_tools/gcc_b1620/gcc-6.3-arm32-eabi/arm-none-eabi/newlib/lib/thumb/v7e-m/fpv4-sp/hard/crt0.o
 .data          0x00000000        0x0 C:/NXP/S32DS.3.5/S32DS/build_tools/gcc_b1620/gcc-6.3-arm32-eabi/arm-none-eabi/newlib/lib/thumb/v7e-m/fpv4-sp/hard/crt0.o
 .bss           0x00000000        0x0 C:/NXP/S32DS.3.5/S32DS/build_tools/gcc_b1620/gcc-6.3-arm32-eabi/arm-none-eabi/newlib/lib/thumb/v7e-m/fpv4-sp/hard/crt0.o
 .ARM.extab     0x00000000        0x0 C:/NXP/S32DS.3.5/S32DS/build_tools/gcc_b1620/gcc-6.3-arm32-eabi/arm-none-eabi/newlib/lib/thumb/v7e-m/fpv4-sp/hard/crt0.o
 .ARM.exidx     0x00000000       0x10 C:/NXP/S32DS.3.5/S32DS/build_tools/gcc_b1620/gcc-6.3-arm32-eabi/arm-none-eabi/newlib/lib/thumb/v7e-m/fpv4-sp/hard/crt0.o
 .ARM.attributes
[...]
Memory Configuration

Name             Origin             Length             Attributes
m_interrupts     0x00000000         0x00000400         xr
m_flash_config   0x00000400         0x00000010         xr
m_text           0x00000410         0x0007fbf0         xr
m_data           0x1fff8000         0x00008000         rw
m_data_2         0x20000000         0x00007000         rw
*default*        0x00000000         0xffffffff

Linker script and memory map

LOAD c:/nxp/s32ds.3.5/s32ds/build_tools/gcc_b1620/gcc-6.3-arm32-eabi/bin/../lib/gcc/arm-none-eabi/6.3.1/thumb/v7e-m/fpv4-sp/hard/crti.o
LOAD c:/nxp/s32ds.3.5/s32ds/build_tools/gcc_b1620/gcc-6.3-arm32-eabi/bin/../lib/gcc/arm-none-eabi/6.3.1/thumb/v7e-m/fpv4-sp/hard/crtbegin.o
LOAD C:/NXP/S32DS.3.5/S32DS/build_tools/gcc_b1620/gcc-6.3-arm32-eabi/arm-none-eabi/newlib/lib/thumb/v7e-m/fpv4-sp/hard/crt0.o
LOAD ./Project_Settings/Startup_Code/startup_S32K144.o
LOAD ./SDK/platform/devices/S32K144/startup/system_S32K144.o
LOAD ./SDK/platform/devices/startup.o
LOAD ./SDK/platform/drivers/src/clock/S32K1xx/clock_S32K1xx.o
LOAD ./SDK/platform/drivers/src/edma/edma_driver.o
LOAD ./SDK/platform/drivers/src/edma/edma_hw_access.o
LOAD ./SDK/platform/drivers/src/edma/edma_irq.o
LOAD ./SDK/platform/drivers/src/flash/flash_driver.o
LOAD ./SDK/platform/drivers/src/flexcan/flexcan_driver.o
LOAD ./SDK/platform/drivers/src/flexcan/flexcan_hw_access.o
LOAD ./SDK/platform/drivers/src/flexcan/flexcan_irq.o
LOAD ./SDK/platform/drivers/src/interrupt/interrupt_manager.o
LOAD ./SDK/platform/drivers/src/lpspi/lpspi_hw_access.o
LOAD ./SDK/platform/drivers/src/lpspi/lpspi_irq.o
LOAD ./SDK/platform/drivers/src/lpspi/lpspi_master_driver.o
LOAD ./SDK/platform/drivers/src/lpspi/lpspi_shared_function.o
LOAD ./SDK/platform/drivers/src/lpspi/lpspi_slave_driver.o
LOAD ./SDK/platform/drivers/src/lpuart/lpuart_driver.o
LOAD ./SDK/platform/drivers/src/lpuart/lpuart_hw_access.o
LOAD ./SDK/platform/drivers/src/lpuart/lpuart_irq.o
LOAD ./SDK/platform/drivers/src/pins/pins_driver.o
LOAD ./SDK/platform/drivers/src/pins/pins_port_hw_access.o
LOAD ./SDK/platform/pal/src/can/can_pal.o
LOAD ./SDK/rtos/osif/nailosif_baremetal.o
LOAD ./board/clock_config.o
LOAD ./board/flash_memory_drive.o
LOAD ./board/peripherals_can_pal1.o
LOAD ./board/peripherals_edma_config_1.o
LOAD ./board/peripherals_flash_FTFC.o
LOAD ./board/peripherals_lpspi_1.o
LOAD ./board/peripherals_lpspi_2.o
LOAD ./board/peripherals_lpuart_LPUART_1.o
LOAD ./board/peripherals_lpuart_LPUART_2.o
LOAD ./board/peripherals_osif1.o
LOAD ./board/pin_mux.o
LOAD ./src/commble.o
LOAD ./src/commcanoe.o
LOAD ./src/commpc.o
LOAD ./src/commuwb.o
LOAD ./src/main.o
LOAD ./src/util.o
START GROUP
LOAD c:/nxp/s32ds.3.5/s32ds/build_tools/gcc_b1620/gcc-6.3-arm32-eabi/bin/../lib/gcc/arm-none-eabi/6.3.1/thumb/v7e-m/fpv4-sp/hard\libgcc.a
LOAD C:/NXP/S32DS.3.5/S32DS/build_tools/gcc_b1620/gcc-6.3-arm32-eabi/arm-none-eabi/newlib/lib/thumb/v7e-m/fpv4-sp/hard\libc_nano.a
END GROUP
START GROUP
LOAD c:/nxp/s32ds.3.5/s32ds/build_tools/gcc_b1620/gcc-6.3-arm32-eabi/bin/../lib/gcc/arm-none-eabi/6.3.1/thumb/v7e-m/fpv4-sp/hard\libgcc.a
LOAD C:/NXP/S32DS.3.5/S32DS/build_tools/gcc_b1620/gcc-6.3-arm32-eabi/arm-none-eabi/newlib/lib/thumb/v7e-m/fpv4-sp/hard\libc_nano.a
LOAD C:/NXP/S32DS.3.5/S32DS/build_tools/gcc_b1620/gcc-6.3-arm32-eabi/arm-none-eabi/newlib/lib/thumb/v7e-m/fpv4-sp/hard\libnosys.a
END GROUP
START GROUP
LOAD c:/nxp/s32ds.3.5/s32ds/build_tools/gcc_b1620/gcc-6.3-arm32-eabi/bin/../lib/gcc/arm-none-eabi/6.3.1/thumb/v7e-m/fpv4-sp/hard\libgcc.a
LOAD C:/NXP/S32DS.3.5/S32DS/build_tools/gcc_b1620/gcc-6.3-arm32-eabi/arm-none-eabi/newlib/lib/thumb/v7e-m/fpv4-sp/hard\libc_nano.a
LOAD C:/NXP/S32DS.3.5/S32DS/build_tools/gcc_b1620/gcc-6.3-arm32-eabi/arm-none-eabi/newlib/lib/thumb/v7e-m/fpv4-sp/hard\libnosys.a
END GROUP
LOAD c:/nxp/s32ds.3.5/s32ds/build_tools/gcc_b1620/gcc-6.3-arm32-eabi/bin/../lib/gcc/arm-none-eabi/6.3.1/thumb/v7e-m/fpv4-sp/hard/crtend.o
LOAD c:/nxp/s32ds.3.5/s32ds/build_tools/gcc_b1620/gcc-6.3-arm32-eabi/bin/../lib/gcc/arm-none-eabi/6.3.1/thumb/v7e-m/fpv4-sp/hard/crtn.o
                0x00000400                HEAP_SIZE = DEFINED (__heap_size__)?__heap_size__:0x400
                0x00000400                STACK_SIZE = DEFINED (__stack_size__)?__stack_size__:0x400
                0x00000400                M_VECTOR_RAM_SIZE = DEFINED (__flash_vector_table__)?0x0:0x400

.interrupts     0x00000000      0x400
                0x00000000                __VECTOR_TABLE = .
                0x00000000                __interrupts_start__ = .
                0x00000000                . = ALIGN (0x4)
 *(.isr_vector)
 .isr_vector    0x00000000      0x400 ./Project_Settings/Startup_Code/startup_S32K144.o
                0x00000000                __isr_vector
                0x00000400                __interrupts_end__ = .
                0x00000400                . = ALIGN (0x4)

.flash_config   0x00000400       0x10
                0x00000400                . = ALIGN (0x4)
 *(.FlashConfig)
 .FlashConfig   0x00000400       0x10 ./Project_Settings/Startup_Code/startup_S32K144.o
                0x00000410                . = ALIGN (0x4)

.text           0x00000410    0x29390
                0x00000410                . = ALIGN (0x4)
 *(.text)
 .text          0x00000410       0x6c ./Project_Settings/Startup_Code/startup_S32K144.o
                0x00000410                Reset_Handler
                0x00000478                DebugMon_Handler
                0x00000478                Reserved88_IRQHandler
                0x00000478                HardFault_Handler
                0x00000478                Reserved86_IRQHandler
                0x00000478                Reserved103_IRQHandler
                0x00000478                FTM2_Ovf_Reload_IRQHandler
                0x00000478                Reserved50_IRQHandler
                0x00000478                FTFC_Fault_IRQHandler
                0x00000478                FTM0_Ch6_Ch7_IRQHandler
                0x00000478                Reserved114_IRQHandler
                0x00000478                NMI_Handler
                0x00000478                Reserved89_IRQHandler
                0x00000478                ERM_double_fault_IRQHandler
                0x00000478                Reserved59_IRQHandler
                0x00000478                LPIT0_Ch0_IRQHandler
                0x00000478                Reserved99_IRQHandler
                0x00000478                FTM3_Ch6_Ch7_IRQHandler
                0x00000478                LPIT0_Ch3_IRQHandler
                0x00000478                Reserved92_IRQHandler
                0x00000478                FTM0_Ch4_Ch5_IRQHandler
                0x00000478                FTM3_Ch0_Ch1_IRQHandler
                0x00000478                SWI_IRQHandler
                0x00000478                ADC0_IRQHandler
                0x00000478                FTM2_Ch4_Ch5_IRQHandler
                0x00000478                UsageFault_Handler
                0x00000478                FTM0_Ovf_Reload_IRQHandler
                0x00000478                DefaultISR
                0x00000478                Reserved58_IRQHandler
                0x00000478                FTM1_Ch2_Ch3_IRQHandler
                0x00000478                Reserved82_IRQHandler
                0x00000478                LPI2C0_Slave_IRQHandler
                0x00000478                Reserved71_IRQHandler
                0x00000478                PORTD_IRQHandler
                0x00000478                Reserved69_IRQHandler
                0x00000478                PORTB_IRQHandler
                0x00000478                Reserved70_IRQHandler
                0x00000478                ADC1_IRQHandler
                0x00000478                FTM2_Ch2_Ch3_IRQHandler
                0x00000478                Reserved53_IRQHandler
                0x00000478                RTC_IRQHandler
                0x00000478                PDB0_IRQHandler
                0x00000478                Reserved54_IRQHandler
                0x00000478                FTM2_Ch6_Ch7_IRQHandler
                0x00000478                FTM3_Ch2_Ch3_IRQHandler
                0x00000478                FTM2_Ch0_Ch1_IRQHandler
                0x00000478                LPUART1_RxTx_IRQHandler
                0x00000478                RTC_Seconds_IRQHandler
                0x00000478                Reserved72_IRQHandler
                0x00000478                Reserved110_IRQHandler
                0x00000478                Reserved107_IRQHandler
                0x00000478                Read_Collision_IRQHandler
                0x00000478                FTFC_IRQHandler
                0x00000478                FTM1_Ch6_Ch7_IRQHandler
                0x00000478                Reserved105_IRQHandler
                0x00000478                LPIT0_Ch1_IRQHandler
                0x00000478                FTM1_Ch4_Ch5_IRQHandler
                0x00000478                FTM3_Ovf_Reload_IRQHandler
                0x00000478                LPUART2_RxTx_IRQHandler
                0x00000478                WDOG_EWM_IRQHandler
                0x00000478                MemManage_Handler
                0x00000478                Reserved90_IRQHandler
                0x00000478                Reserved83_IRQHandler
                0x00000478                FTM0_Fault_IRQHandler
                0x00000478                Reserved48_IRQHandler
                0x00000478                ERM_single_fault_IRQHandler
                0x00000478                FTM2_Fault_IRQHandler
                0x00000478                FTM0_Ch2_Ch3_IRQHandler
                0x00000478                FTM0_Ch0_Ch1_IRQHandler
                0x00000478                FTM3_Fault_IRQHandler
                0x00000478                RCM_IRQHandler
                0x00000478                Reserved100_IRQHandler
                0x00000478                Reserved91_IRQHandler
                0x00000478                SCG_IRQHandler
                0x00000478                PDB1_IRQHandler
                0x00000478                Reserved81_IRQHandler
                0x00000478                Reserved46_IRQHandler
                0x00000478                Reserved45_IRQHandler
                0x00000478                Reserved112_IRQHandler
                0x00000478                LPI2C0_Master_IRQHandler
                0x00000478                FTM1_Fault_IRQHandler
                0x00000478                Reserved106_IRQHandler
                0x00000478                LVD_LVW_IRQHandler
                0x00000478                LPIT0_Ch2_IRQHandler
                0x00000478                PORTA_IRQHandler
                0x00000478                MCM_IRQHandler
                0x00000478                FTM3_Ch4_Ch5_IRQHandler
                0x00000478                PORTE_IRQHandler
                0x00000478                LPUART0_RxTx_IRQHandler
                0x00000478                LPTMR0_IRQHandler
                0x00000478                BusFault_Handler
                0x00000478                Reserved87_IRQHandler
                0x00000478                FTM1_Ovf_Reload_IRQHandler
                0x00000478                Reserved93_IRQHandler
                0x00000478                CMP0_IRQHandler
                0x00000478                Reserved52_IRQHandler
                0x00000478                PORTC_IRQHandler
                0x00000478                FTM1_Ch0_Ch1_IRQHandler
                0x00000478                FLEXIO_IRQHandler
                0x00000478                Reserved113_IRQHandler
 *(.text*)
 .text.SystemInit
                0x0000047c       0x3c ./SDK/platform/devices/S32K144/startup/system_S32K144.o
                0x0000047c                SystemInit
 .text.init_data_bss
                0x000004b8       0xd8 ./SDK/platform/devices/startup.o
                0x000004b8                init_data_bss
 .text.CLOCK_SYS_GetCurrentRunMode
                0x00000590       0x24 ./SDK/platform/drivers/src/clock/S32K1xx/clock_S32K1xx.o
 .text.CLOCK_SYS_GetSysOscFreq
                0x000005b4       0x1c ./SDK/platform/drivers/src/clock/S32K1xx/clock_S32K1xx.o
 .text.CLOCK_SYS_ConfigureSOSC
                0x000005d0      0x12c ./SDK/platform/drivers/src/clock/S32K1xx/clock_S32K1xx.o
 .text.CLOCK_SYS_GetSircFreq
                0x000006fc       0x2c ./SDK/platform/drivers/src/clock/S32K1xx/clock_S32K1xx.o
 .text.CLOCK_SYS_ConfigureSIRC
                0x00000728       0xc4 ./SDK/platform/drivers/src/clock/S32K1xx/clock_S32K1xx.o
 .text.CLOCK_SYS_GetFircFreq
                0x000007ec       0x20 ./SDK/platform/drivers/src/clock/S32K1xx/clock_S32K1xx.o
 .text.CLOCK_SYS_ConfigureFIRC
                0x0000080c       0xb4 ./SDK/platform/drivers/src/clock/S32K1xx/clock_S32K1xx.o
 .text.CLOCK_SYS_GetSysPllFreq
                0x000008c0       0x44 ./SDK/platform/drivers/src/clock/S32K1xx/clock_S32K1xx.o
 .text.CLOCK_SYS_ConfigureSPLL
                0x00000904      0x12c ./SDK/platform/drivers/src/clock/S32K1xx/clock_S32K1xx.o
 .text.CLOCK_SYS_SetSystemClockConfig
                0x00000a30      0x204 ./SDK/platform/drivers/src/clock/S32K1xx/clock_S32K1xx.o
 .text.CLOCK_SYS_TransitionSystemClock
                0x00000c34       0x54 ./SDK/platform/drivers/src/clock/S32K1xx/clock_S32K1xx.o
 .text.CLOCK_SYS_GetSystemClockFreq
                0x00000c88       0x80 ./SDK/platform/drivers/src/clock/S32K1xx/clock_S32K1xx.o
 .text.CLOCK_SYS_GetScgClkOutFreq
                0x00000d08       0x44 ./SDK/platform/drivers/src/clock/S32K1xx/clock_S32K1xx.o
 .text.CLOCK_SYS_GetSysAsyncFreq
                0x00000d4c       0xc0 ./SDK/platform/drivers/src/clock/S32K1xx/clock_S32K1xx.o
 .text.CLOCK_SYS_GetSimRtcClkFreq
                0x00000e0c       0x50 ./SDK/platform/drivers/src/clock/S32K1xx/clock_S32K1xx.o
 .text.CLOCK_SYS_GetLpoFreq
                0x00000e5c       0x54 ./SDK/platform/drivers/src/clock/S32K1xx/clock_S32K1xx.o
 .text.CLOCK_SYS_GetSimClkOutFreq
                0x00000eb0       0x98 ./SDK/platform/drivers/src/clock/S32K1xx/clock_S32K1xx.o
 .text.CLOCK_SYS_GetSimClockFreq
                0x00000f48      0x190 ./SDK/platform/drivers/src/clock/S32K1xx/clock_S32K1xx.o
 .text.CLOCK_SYS_GetPeripheralClock
                0x000010d8       0xc8 ./SDK/platform/drivers/src/clock/S32K1xx/clock_S32K1xx.o
 .text.CLOCK_DRV_Init
                0x000011a0      0x610 ./SDK/platform/drivers/src/clock/S32K1xx/clock_S32K1xx.o
                0x000011a0                CLOCK_DRV_Init
 .text.CLOCK_DRV_GetFreq
                0x000017b0      0x1dc ./SDK/platform/drivers/src/clock/S32K1xx/clock_S32K1xx.o
                0x000017b0                CLOCK_DRV_GetFreq
 .text.CLOCK_SYS_GetFreq
                0x0000198c        0x8 ./SDK/platform/drivers/src/clock/S32K1xx/clock_S32K1xx.o
                0x0000198c                CLOCK_SYS_GetFreq
 .text.EDMA_DRV_ClearIntStatus
                0x00001994       0x20 ./SDK/platform/drivers/src/edma/edma_driver.o
 .text.EDMA_DRV_ClearStructure
                0x000019b4       0x10 ./SDK/platform/drivers/src/edma/edma_driver.o
 .text.EDMA_DRV_InstallCallback
                0x000019c4       0x38 ./SDK/platform/drivers/src/edma/edma_driver.o
                0x000019c4                EDMA_DRV_InstallCallback
 .text.EDMA_DRV_IRQHandler
                0x000019fc       0x20 ./SDK/platform/drivers/src/edma/edma_driver.o
                0x000019fc                EDMA_DRV_IRQHandler
 .text.EDMA_DRV_ErrorIRQHandler
                0x00001a1c       0x40 ./SDK/platform/drivers/src/edma/edma_driver.o
                0x00001a1c                EDMA_DRV_ErrorIRQHandler
 .text.EDMA_DRV_ConfigSingleBlockTransfer
                0x00001a5c      0x1f0 ./SDK/platform/drivers/src/edma/edma_driver.o
                0x00001a5c                EDMA_DRV_ConfigSingleBlockTransfer
 .text.EDMA_DRV_ConfigMultiBlockTransfer
                0x00001c4c       0x9c ./SDK/platform/drivers/src/edma/edma_driver.o
                0x00001c4c                EDMA_DRV_ConfigMultiBlockTransfer
 .text.EDMA_DRV_StartChannel
                0x00001ce8       0x38 ./SDK/platform/drivers/src/edma/edma_driver.o
                0x00001ce8                EDMA_DRV_StartChannel
 .text.EDMA_DRV_StopChannel
                0x00001d20       0x38 ./SDK/platform/drivers/src/edma/edma_driver.o
                0x00001d20                EDMA_DRV_StopChannel
 .text.EDMA_DRV_SetChannelRequestAndTrigger
                0x00001d58       0x7c ./SDK/platform/drivers/src/edma/edma_driver.o
                0x00001d58                EDMA_DRV_SetChannelRequestAndTrigger
 .text.EDMA_DRV_ChannelInit
                0x00001dd4       0xc8 ./SDK/platform/drivers/src/edma/edma_driver.o
                0x00001dd4                EDMA_DRV_ChannelInit
 .text.EDMA_DRV_Init
                0x00001e9c      0x100 ./SDK/platform/drivers/src/edma/edma_driver.o
                0x00001e9c                EDMA_DRV_Init
 .text.EDMA_DRV_SetSrcAddr
                0x00001f9c       0x34 ./SDK/platform/drivers/src/edma/edma_driver.o
                0x00001f9c                EDMA_DRV_SetSrcAddr
 .text.EDMA_DRV_SetDestAddr
                0x00001fd0       0x38 ./SDK/platform/drivers/src/edma/edma_driver.o
                0x00001fd0                EDMA_DRV_SetDestAddr
 .text.EDMA_DRV_SetMajorLoopIterationCount
                0x00002008       0x34 ./SDK/platform/drivers/src/edma/edma_driver.o
                0x00002008                EDMA_DRV_SetMajorLoopIterationCount
 .text.EDMA_DRV_DisableRequestsOnTransferComplete
                0x0000203c       0x58 ./SDK/platform/drivers/src/edma/edma_driver.o
                0x0000203c                EDMA_DRV_DisableRequestsOnTransferComplete
 .text.EDMA_DRV_GetDmaRegBaseAddr
                0x00002094       0x10 ./SDK/platform/drivers/src/edma/edma_driver.o
                0x00002094                EDMA_DRV_GetDmaRegBaseAddr
 .text.EDMA_SetErrorIntCmd
                0x000020a4        0xa ./SDK/platform/drivers/src/edma/edma_hw_access.o
                0x000020a4                EDMA_SetErrorIntCmd
 .text.EDMA_SetDmaRequestCmd
                0x000020ae        0xa ./SDK/platform/drivers/src/edma/edma_hw_access.o
                0x000020ae                EDMA_SetDmaRequestCmd
 .text.EDMA_TCDClearReg
                0x000020b8       0x4a ./SDK/platform/drivers/src/edma/edma_hw_access.o
                0x000020b8                EDMA_TCDClearReg
 .text.EDMA_Init
                0x00002102       0x22 ./SDK/platform/drivers/src/edma/edma_hw_access.o
                0x00002102                EDMA_Init
 .text.EDMA_TCDSetAttribute
                0x00002124       0x38 ./SDK/platform/drivers/src/edma/edma_hw_access.o
                0x00002124                EDMA_TCDSetAttribute
 .text.EDMA_TCDSetNbytes
                0x0000215c       0x64 ./SDK/platform/drivers/src/edma/edma_hw_access.o
                0x0000215c                EDMA_TCDSetNbytes
 .text.EDMA_TCDSetMajorCount
                0x000021c0       0x68 ./SDK/platform/drivers/src/edma/edma_hw_access.o
                0x000021c0                EDMA_TCDSetMajorCount
 .text.DMAMUX_Init
                0x00002228        0xe ./SDK/platform/drivers/src/edma/edma_hw_access.o
                0x00002228                DMAMUX_Init
 .text.DMA0_IRQHandler
                0x00002236        0xa ./SDK/platform/drivers/src/edma/edma_irq.o
                0x00002236                DMA0_IRQHandler
 .text.DMA1_IRQHandler
                0x00002240        0xa ./SDK/platform/drivers/src/edma/edma_irq.o
                0x00002240                DMA1_IRQHandler
 .text.DMA2_IRQHandler
                0x0000224a        0xa ./SDK/platform/drivers/src/edma/edma_irq.o
                0x0000224a                DMA2_IRQHandler
 .text.DMA3_IRQHandler
                0x00002254        0xa ./SDK/platform/drivers/src/edma/edma_irq.o
                0x00002254                DMA3_IRQHandler
 .text.DMA4_IRQHandler
                0x0000225e        0xa ./SDK/platform/drivers/src/edma/edma_irq.o
                0x0000225e                DMA4_IRQHandler
 .text.DMA5_IRQHandler
                0x00002268        0xa ./SDK/platform/drivers/src/edma/edma_irq.o
                0x00002268                DMA5_IRQHandler
 .text.DMA6_IRQHandler
                0x00002272        0xa ./SDK/platform/drivers/src/edma/edma_irq.o
                0x00002272                DMA6_IRQHandler
 .text.DMA7_IRQHandler
                0x0000227c        0xa ./SDK/platform/drivers/src/edma/edma_irq.o
                0x0000227c                DMA7_IRQHandler
 .text.DMA8_IRQHandler
                0x00002286        0xa ./SDK/platform/drivers/src/edma/edma_irq.o
                0x00002286                DMA8_IRQHandler
 .text.DMA9_IRQHandler
                0x00002290        0xa ./SDK/platform/drivers/src/edma/edma_irq.o
                0x00002290                DMA9_IRQHandler
 .text.DMA10_IRQHandler
                0x0000229a        0xa ./SDK/platform/drivers/src/edma/edma_irq.o
                0x0000229a                DMA10_IRQHandler
 .text.DMA11_IRQHandler
                0x000022a4        0xa ./SDK/platform/drivers/src/edma/edma_irq.o
                0x000022a4                DMA11_IRQHandler
 .text.DMA12_IRQHandler
                0x000022ae        0xa ./SDK/platform/drivers/src/edma/edma_irq.o
                0x000022ae                DMA12_IRQHandler
 .text.DMA13_IRQHandler
                0x000022b8        0xa ./SDK/platform/drivers/src/edma/edma_irq.o
                0x000022b8                DMA13_IRQHandler
 .text.DMA14_IRQHandler
                0x000022c2        0xa ./SDK/platform/drivers/src/edma/edma_irq.o
                0x000022c2                DMA14_IRQHandler
 .text.DMA15_IRQHandler
                0x000022cc        0xa ./SDK/platform/drivers/src/edma/edma_irq.o
                0x000022cc                DMA15_IRQHandler
 .text.DMA_Error_IRQHandler
                0x000022d6       0x28 ./SDK/platform/drivers/src/edma/edma_irq.o
                0x000022d6                DMA_Error_IRQHandler
 *fill*         0x000022fe        0x2 
 .text.FLASH_DRV_Init
                0x00002300       0xd8 ./SDK/platform/drivers/src/flash/flash_driver.o
                0x00002300                FLASH_DRV_Init
 .text.FLASH_DRV_EraseSector
                0x000023d8       0xb4 ./SDK/platform/drivers/src/flash/flash_driver.o
                0x000023d8                FLASH_DRV_EraseSector
 .text.FLASH_DRV_VerifySection
                0x0000248c       0x8c ./SDK/platform/drivers/src/flash/flash_driver.o
                0x0000248c                FLASH_DRV_VerifySection
 .text.FLASH_DRV_Program
                0x00002518       0xc4 ./SDK/platform/drivers/src/flash/flash_driver.o
                0x00002518                FLASH_DRV_Program
 .text.FLASH_DRV_ProgramCheck
                0x000025dc       0xf4 ./SDK/platform/drivers/src/flash/flash_driver.o
                0x000025dc                FLASH_DRV_ProgramCheck
 .text.FLEXCAN_SetTimeSegments
                0x000026d0       0x4c ./SDK/platform/drivers/src/flexcan/flexcan_driver.o
 .text.FLEXCAN_SetExtendedTimeSegments
                0x0000271c       0x50 ./SDK/platform/drivers/src/flexcan/flexcan_driver.o
 .text.FLEXCAN_SetFDTimeSegments
                0x0000276c       0x5c ./SDK/platform/drivers/src/flexcan/flexcan_driver.o
 .text.FLEXCAN_StartSendData
                0x000027c8       0xb8 ./SDK/platform/drivers/src/flexcan/flexcan_driver.o
 .text.FLEXCAN_StartRxMessageBufferData
                0x00002880       0x88 ./SDK/platform/drivers/src/flexcan/flexcan_driver.o
 .text.FLEXCAN_StartRxMessageFifoData
                0x00002908      0x110 ./SDK/platform/drivers/src/flexcan/flexcan_driver.o
 .text.FLEXCAN_CompleteRxMessageFifoData
                0x00002a18       0xbc ./SDK/platform/drivers/src/flexcan/flexcan_driver.o
 .text.FLEXCAN_CompleteRxFifoDataDMA
                0x00002ad4       0x30 ./SDK/platform/drivers/src/flexcan/flexcan_driver.o
 .text.FLEXCAN_CompleteTransfer
                0x00002b04       0x3c ./SDK/platform/drivers/src/flexcan/flexcan_driver.o
 .text.FLEXCAN_DRV_Init
                0x00002b40      0x294 ./SDK/platform/drivers/src/flexcan/flexcan_driver.o
                0x00002b40                FLEXCAN_DRV_Init
 .text.FLEXCAN_DRV_ConfigTxMb
                0x00002dd4       0x68 ./SDK/platform/drivers/src/flexcan/flexcan_driver.o
                0x00002dd4                FLEXCAN_DRV_ConfigTxMb
 .text.FLEXCAN_DRV_Send
                0x00002e3c       0x60 ./SDK/platform/drivers/src/flexcan/flexcan_driver.o
                0x00002e3c                FLEXCAN_DRV_Send
 .text.FLEXCAN_DRV_ConfigRxMb
                0x00002e9c       0xa4 ./SDK/platform/drivers/src/flexcan/flexcan_driver.o
                0x00002e9c                FLEXCAN_DRV_ConfigRxMb
 .text.FLEXCAN_DRV_ConfigRxFifo
                0x00002f40       0x40 ./SDK/platform/drivers/src/flexcan/flexcan_driver.o
                0x00002f40                FLEXCAN_DRV_ConfigRxFifo
 .text.FLEXCAN_DRV_Receive
                0x00002f80       0x34 ./SDK/platform/drivers/src/flexcan/flexcan_driver.o
                0x00002f80                FLEXCAN_DRV_Receive
 .text.FLEXCAN_DRV_RxFifo
                0x00002fb4       0x12 ./SDK/platform/drivers/src/flexcan/flexcan_driver.o
                0x00002fb4                FLEXCAN_DRV_RxFifo
 *fill*         0x00002fc6        0x2 
 .text.FLEXCAN_BusOff_IRQHandler
                0x00002fc8       0x30 ./SDK/platform/drivers/src/flexcan/flexcan_driver.o
                0x00002fc8                FLEXCAN_BusOff_IRQHandler
 .text.FLEXCAN_IRQHandler
                0x00002ff8      0x248 ./SDK/platform/drivers/src/flexcan/flexcan_driver.o
                0x00002ff8                FLEXCAN_IRQHandler
 .text.FLEXCAN_Error_IRQHandler
                0x00003240       0x30 ./SDK/platform/drivers/src/flexcan/flexcan_driver.o
                0x00003240                FLEXCAN_Error_IRQHandler
 .text.FLEXCAN_WakeUpHandler
                0x00003270       0x74 ./SDK/platform/drivers/src/flexcan/flexcan_driver.o
                0x00003270                FLEXCAN_WakeUpHandler
 .text.FLEXCAN_DRV_GetTransferStatus
                0x000032e4       0x2c ./SDK/platform/drivers/src/flexcan/flexcan_driver.o
                0x000032e4                FLEXCAN_DRV_GetTransferStatus
 .text.FLEXCAN_ComputePayloadSize
                0x00003310       0x36 ./SDK/platform/drivers/src/flexcan/flexcan_hw_access.o
 *fill*         0x00003346        0x2 
 .text.FLEXCAN_GetMaxMbNum
                0x00003348       0x2c ./SDK/platform/drivers/src/flexcan/flexcan_hw_access.o
                0x00003348                FLEXCAN_GetMaxMbNum
 .text.FLEXCAN_Enable
                0x00003374       0x2a ./SDK/platform/drivers/src/flexcan/flexcan_hw_access.o
                0x00003374                FLEXCAN_Enable
 .text.FLEXCAN_Disable
                0x0000339e       0x18 ./SDK/platform/drivers/src/flexcan/flexcan_hw_access.o
                0x0000339e                FLEXCAN_Disable
 *fill*         0x000033b6        0x2 
 .text.FLEXCAN_Init
                0x000033b8       0x68 ./SDK/platform/drivers/src/flexcan/flexcan_hw_access.o
                0x000033b8                FLEXCAN_Init
 .text.FLEXCAN_EnableRxFifo
                0x00003420       0x54 ./SDK/platform/drivers/src/flexcan/flexcan_hw_access.o
                0x00003420                FLEXCAN_EnableRxFifo
 .text.FLEXCAN_SetRxFifoFilter
                0x00003474      0x1dc ./SDK/platform/drivers/src/flexcan/flexcan_hw_access.o
                0x00003474                FLEXCAN_SetRxFifoFilter
 .text.FLEXCAN_SetMsgBuffIntCmd
                0x00003650       0x24 ./SDK/platform/drivers/src/flexcan/flexcan_hw_access.o
                0x00003650                FLEXCAN_SetMsgBuffIntCmd
 .text.FLEXCAN_ExitFreezeMode
                0x00003674       0x1a ./SDK/platform/drivers/src/flexcan/flexcan_hw_access.o
                0x00003674                FLEXCAN_ExitFreezeMode
 .text.FLEXCAN_EnterFreezeMode
                0x0000368e       0x9e ./SDK/platform/drivers/src/flexcan/flexcan_hw_access.o
                0x0000368e                FLEXCAN_EnterFreezeMode
 .text.FLEXCAN_ClearErrIntStatusFlag
                0x0000372c       0x18 ./SDK/platform/drivers/src/flexcan/flexcan_hw_access.o
                0x0000372c                FLEXCAN_ClearErrIntStatusFlag
 .text.FLEXCAN_ClearBusOffIntStatusFlag
                0x00003744       0x14 ./SDK/platform/drivers/src/flexcan/flexcan_hw_access.o
                0x00003744                FLEXCAN_ClearBusOffIntStatusFlag
 .text.FLEXCAN_ReadRxFifo
                0x00003758       0x58 ./SDK/platform/drivers/src/flexcan/flexcan_hw_access.o
                0x00003758                FLEXCAN_ReadRxFifo
 .text.FLEXCAN_SetOperationMode
                0x000037b0       0x5e ./SDK/platform/drivers/src/flexcan/flexcan_hw_access.o
                0x000037b0                FLEXCAN_SetOperationMode
 .text.FLEXCAN_IsOutOfRangeMbIdx
                0x0000380e       0x2e ./SDK/platform/drivers/src/flexcan/flexcan_hw_access.o
                0x0000380e                FLEXCAN_IsOutOfRangeMbIdx
 .text.FLEXCAN_SetPayloadSize
                0x0000383c       0x30 ./SDK/platform/drivers/src/flexcan/flexcan_hw_access.o
                0x0000383c                FLEXCAN_SetPayloadSize
 .text.FLEXCAN_GetPayloadSize
                0x0000386c       0x20 ./SDK/platform/drivers/src/flexcan/flexcan_hw_access.o
                0x0000386c                FLEXCAN_GetPayloadSize
 .text.FLEXCAN_GetMsgBuffRegion
                0x0000388c       0x30 ./SDK/platform/drivers/src/flexcan/flexcan_hw_access.o
                0x0000388c                FLEXCAN_GetMsgBuffRegion
 .text.FLEXCAN_SetRxMsgBuff
                0x000038bc       0xd8 ./SDK/platform/drivers/src/flexcan/flexcan_hw_access.o
                0x000038bc                FLEXCAN_SetRxMsgBuff
 .text.FLEXCAN_LockRxMsgBuff
                0x00003994        0xa ./SDK/platform/drivers/src/flexcan/flexcan_hw_access.o
                0x00003994                FLEXCAN_LockRxMsgBuff
 *fill*         0x0000399e        0x2 
 .text.FLEXCAN_SetTxMsgBuff
                0x000039a0      0x1b8 ./SDK/platform/drivers/src/flexcan/flexcan_hw_access.o
                0x000039a0                FLEXCAN_SetTxMsgBuff
 .text.FLEXCAN_GetMsgBuff
                0x00003b58       0x92 ./SDK/platform/drivers/src/flexcan/flexcan_hw_access.o
                0x00003b58                FLEXCAN_GetMsgBuff
 .text.FLEXCAN_SetMaxMsgBuffNum
                0x00003bea       0xaa ./SDK/platform/drivers/src/flexcan/flexcan_hw_access.o
                0x00003bea                FLEXCAN_SetMaxMsgBuffNum
 .text.CAN0_ORed_IRQHandler
                0x00003c94        0xa ./SDK/platform/drivers/src/flexcan/flexcan_irq.o
                0x00003c94                CAN0_ORed_IRQHandler
 .text.CAN0_Error_IRQHandler
                0x00003c9e        0xa ./SDK/platform/drivers/src/flexcan/flexcan_irq.o
                0x00003c9e                CAN0_Error_IRQHandler
 .text.CAN0_Wake_Up_IRQHandler
                0x00003ca8        0xa ./SDK/platform/drivers/src/flexcan/flexcan_irq.o
                0x00003ca8                CAN0_Wake_Up_IRQHandler
 .text.CAN0_ORed_0_15_MB_IRQHandler
                0x00003cb2        0xa ./SDK/platform/drivers/src/flexcan/flexcan_irq.o
                0x00003cb2                CAN0_ORed_0_15_MB_IRQHandler
 .text.CAN0_ORed_16_31_MB_IRQHandler
                0x00003cbc        0xa ./SDK/platform/drivers/src/flexcan/flexcan_irq.o
                0x00003cbc                CAN0_ORed_16_31_MB_IRQHandler
 .text.CAN1_ORed_IRQHandler
                0x00003cc6        0xa ./SDK/platform/drivers/src/flexcan/flexcan_irq.o
                0x00003cc6                CAN1_ORed_IRQHandler
 .text.CAN1_Error_IRQHandler
                0x00003cd0        0xa ./SDK/platform/drivers/src/flexcan/flexcan_irq.o
                0x00003cd0                CAN1_Error_IRQHandler
 .text.CAN1_ORed_0_15_MB_IRQHandler
                0x00003cda        0xa ./SDK/platform/drivers/src/flexcan/flexcan_irq.o
                0x00003cda                CAN1_ORed_0_15_MB_IRQHandler
 .text.CAN2_ORed_IRQHandler
                0x00003ce4        0xa ./SDK/platform/drivers/src/flexcan/flexcan_irq.o
                0x00003ce4                CAN2_ORed_IRQHandler
 .text.CAN2_Error_IRQHandler
                0x00003cee        0xa ./SDK/platform/drivers/src/flexcan/flexcan_irq.o
                0x00003cee                CAN2_Error_IRQHandler
 .text.CAN2_ORed_0_15_MB_IRQHandler
                0x00003cf8        0xa ./SDK/platform/drivers/src/flexcan/flexcan_irq.o
                0x00003cf8                CAN2_ORed_0_15_MB_IRQHandler
 *fill*         0x00003d02        0x2 
 .text.INT_SYS_InstallHandler
                0x00003d04       0x60 ./SDK/platform/drivers/src/interrupt/interrupt_manager.o
                0x00003d04                INT_SYS_InstallHandler
 .text.INT_SYS_EnableIRQ
                0x00003d64       0x28 ./SDK/platform/drivers/src/interrupt/interrupt_manager.o
                0x00003d64                INT_SYS_EnableIRQ
 .text.INT_SYS_EnableIRQGlobal
                0x00003d8c       0x1c ./SDK/platform/drivers/src/interrupt/interrupt_manager.o
                0x00003d8c                INT_SYS_EnableIRQGlobal
 .text.INT_SYS_DisableIRQGlobal
                0x00003da8       0x10 ./SDK/platform/drivers/src/interrupt/interrupt_manager.o
                0x00003da8                INT_SYS_DisableIRQGlobal
 .text.LPSPI_Init
                0x00003db8        0xa ./SDK/platform/drivers/src/lpspi/lpspi_hw_access.o
                0x00003db8                LPSPI_Init
 .text.LPSPI_Disable
                0x00003dc2       0x18 ./SDK/platform/drivers/src/lpspi/lpspi_hw_access.o
                0x00003dc2                LPSPI_Disable
 .text.LPSPI_SetMasterSlaveMode
                0x00003dda        0xe ./SDK/platform/drivers/src/lpspi/lpspi_hw_access.o
                0x00003dda                LPSPI_SetMasterSlaveMode
 .text.LPSPI_SetFlushFifoCmd
                0x00003de8        0xe ./SDK/platform/drivers/src/lpspi/lpspi_hw_access.o
                0x00003de8                LPSPI_SetFlushFifoCmd
 .text.LPSPI_ClearStatusFlag
                0x00003df6       0x20 ./SDK/platform/drivers/src/lpspi/lpspi_hw_access.o
                0x00003df6                LPSPI_ClearStatusFlag
 .text.LPSPI_SetPcsPolarityMode
                0x00003e16       0x1c ./SDK/platform/drivers/src/lpspi/lpspi_hw_access.o
                0x00003e16                LPSPI_SetPcsPolarityMode
 .text.LPSPI_SetPinConfigMode
                0x00003e32       0x22 ./SDK/platform/drivers/src/lpspi/lpspi_hw_access.o
                0x00003e32                LPSPI_SetPinConfigMode
 .text.LPSPI_SetBaudRateDivisor
                0x00003e54       0x10 ./SDK/platform/drivers/src/lpspi/lpspi_hw_access.o
                0x00003e54                LPSPI_SetBaudRateDivisor
 .text.LPSPI_SetBaudRate
                0x00003e64      0x108 ./SDK/platform/drivers/src/lpspi/lpspi_hw_access.o
                0x00003e64                LPSPI_SetBaudRate
 .text.LPSPI_SetTxCommandReg
                0x00003f6c       0x4a ./SDK/platform/drivers/src/lpspi/lpspi_hw_access.o
                0x00003f6c                LPSPI_SetTxCommandReg
 .text.LPSPI0_IRQHandler
                0x00003fb6        0xa ./SDK/platform/drivers/src/lpspi/lpspi_irq.o
                0x00003fb6                LPSPI0_IRQHandler
 .text.LPSPI1_IRQHandler
                0x00003fc0        0xa ./SDK/platform/drivers/src/lpspi/lpspi_irq.o
                0x00003fc0                LPSPI1_IRQHandler
 .text.LPSPI2_IRQHandler
                0x00003fca        0xa ./SDK/platform/drivers/src/lpspi/lpspi_irq.o
                0x00003fca                LPSPI2_IRQHandler
 .text.LPSPI_DRV_MasterStartTransfer
                0x00003fd4      0x1f4 ./SDK/platform/drivers/src/lpspi/lpspi_master_driver.o
 .text.LPSPI_DRV_MasterCompleteTransfer
                0x000041c8       0x78 ./SDK/platform/drivers/src/lpspi/lpspi_master_driver.o
 .text.LPSPI_DRV_MasterSetDelay
                0x00004240       0x54 ./SDK/platform/drivers/src/lpspi/lpspi_master_driver.o
                0x00004240                LPSPI_DRV_MasterSetDelay
 .text.LPSPI_DRV_MasterConfigureBus
                0x00004294      0x12c ./SDK/platform/drivers/src/lpspi/lpspi_master_driver.o
                0x00004294                LPSPI_DRV_MasterConfigureBus
 .text.LPSPI_DRV_MasterInit
                0x000043c0       0x98 ./SDK/platform/drivers/src/lpspi/lpspi_master_driver.o
                0x000043c0                LPSPI_DRV_MasterInit
 .text.LPSPI_DRV_MasterTransferBlocking
                0x00004458       0xc8 ./SDK/platform/drivers/src/lpspi/lpspi_master_driver.o
                0x00004458                LPSPI_DRV_MasterTransferBlocking
 .text.LPSPI_DRV_MasterAbortTransfer
                0x00004520       0x40 ./SDK/platform/drivers/src/lpspi/lpspi_master_driver.o
                0x00004520                LPSPI_DRV_MasterAbortTransfer
 .text.LPSPI_DRV_MasterCompleteDMATransfer
                0x00004560       0x44 ./SDK/platform/drivers/src/lpspi/lpspi_master_driver.o
 .text.LPSPI_DRV_MasterCompleteRX
                0x000045a4       0x20 ./SDK/platform/drivers/src/lpspi/lpspi_master_driver.o
 .text.LPSPI_DRV_MasterIRQHandler
                0x000045c4       0xb4 ./SDK/platform/drivers/src/lpspi/lpspi_master_driver.o
                0x000045c4                LPSPI_DRV_MasterIRQHandler
 .text.LPSPI_DRV_IRQHandler
                0x00004678       0x28 ./SDK/platform/drivers/src/lpspi/lpspi_shared_function.o
                0x00004678                LPSPI_DRV_IRQHandler
 .text.LPSPI_DRV_FillupTxBuffer
                0x000046a0       0xb4 ./SDK/platform/drivers/src/lpspi/lpspi_shared_function.o
                0x000046a0                LPSPI_DRV_FillupTxBuffer
 .text.LPSPI_DRV_ReadRXBuffer
                0x00004754       0x8c ./SDK/platform/drivers/src/lpspi/lpspi_shared_function.o
                0x00004754                LPSPI_DRV_ReadRXBuffer
 .text.LPSPI_DRV_DisableTEIEInterrupts
                0x000047e0       0x30 ./SDK/platform/drivers/src/lpspi/lpspi_shared_function.o
                0x000047e0                LPSPI_DRV_DisableTEIEInterrupts
 .text.LPSPI_DRV_SlaveAbortTransfer
                0x00004810       0x80 ./SDK/platform/drivers/src/lpspi/lpspi_slave_driver.o
                0x00004810                LPSPI_DRV_SlaveAbortTransfer
 .text.LPSPI_DRV_SlaveIRQHandler
                0x00004890       0xd4 ./SDK/platform/drivers/src/lpspi/lpspi_slave_driver.o
                0x00004890                LPSPI_DRV_SlaveIRQHandler
 .text.LPUART_DRV_StartSendDataUsingInt
                0x00004964       0x7c ./SDK/platform/drivers/src/lpuart/lpuart_driver.o
 .text.LPUART_DRV_StartSendDataUsingDma
                0x000049e0       0x94 ./SDK/platform/drivers/src/lpuart/lpuart_driver.o
 .text.LPUART_DRV_CompleteSendDataUsingInt
                0x00004a74       0x6c ./SDK/platform/drivers/src/lpuart/lpuart_driver.o
 .text.LPUART_DRV_StopTxDma
                0x00004ae0       0x64 ./SDK/platform/drivers/src/lpuart/lpuart_driver.o
 .text.LPUART_DRV_TxDmaCallback
                0x00004b44       0x74 ./SDK/platform/drivers/src/lpuart/lpuart_driver.o
 .text.LPUART_DRV_PutData
                0x00004bb8       0x44 ./SDK/platform/drivers/src/lpuart/lpuart_driver.o
 .text.LPUART_DRV_StartReceiveDataUsingInt
                0x00004bfc       0x84 ./SDK/platform/drivers/src/lpuart/lpuart_driver.o
 .text.LPUART_DRV_StartReceiveDataUsingDma
                0x00004c80       0xa8 ./SDK/platform/drivers/src/lpuart/lpuart_driver.o
 .text.LPUART_DRV_CompleteReceiveDataUsingInt
                0x00004d28       0x68 ./SDK/platform/drivers/src/lpuart/lpuart_driver.o
 .text.LPUART_DRV_StopRxDma
                0x00004d90       0x64 ./SDK/platform/drivers/src/lpuart/lpuart_driver.o
 .text.LPUART_DRV_RxDmaCallback
                0x00004df4       0xa4 ./SDK/platform/drivers/src/lpuart/lpuart_driver.o
 .text.LPUART_DRV_GetData
                0x00004e98       0x60 ./SDK/platform/drivers/src/lpuart/lpuart_driver.o
 .text.LPUART_DRV_InstallRxCallback
                0x00004ef8       0x1c ./SDK/platform/drivers/src/lpuart/lpuart_driver.o
                0x00004ef8                LPUART_DRV_InstallRxCallback
 .text.LPUART_DRV_InstallTxCallback
                0x00004f14       0x1c ./SDK/platform/drivers/src/lpuart/lpuart_driver.o
                0x00004f14                LPUART_DRV_InstallTxCallback
 .text.LPUART_DRV_SendDataBlocking
                0x00004f30       0x70 ./SDK/platform/drivers/src/lpuart/lpuart_driver.o
                0x00004f30                LPUART_DRV_SendDataBlocking
 .text.LPUART_DRV_ReceiveData
                0x00004fa0       0x3c ./SDK/platform/drivers/src/lpuart/lpuart_driver.o
                0x00004fa0                LPUART_DRV_ReceiveData
 .text.LPUART_DRV_SetBaudRate
                0x00004fdc      0x10c ./SDK/platform/drivers/src/lpuart/lpuart_driver.o
                0x00004fdc                LPUART_DRV_SetBaudRate
 .text.LPUART_DRV_Init
                0x000050e8      0x138 ./SDK/platform/drivers/src/lpuart/lpuart_driver.o
                0x000050e8                LPUART_DRV_Init
 .text.LPUART_DRV_SetRxBuffer
                0x00005220       0x28 ./SDK/platform/drivers/src/lpuart/lpuart_driver.o
                0x00005220                LPUART_DRV_SetRxBuffer
 .text.LPUART_DRV_IRQHandler
                0x00005248      0x274 ./SDK/platform/drivers/src/lpuart/lpuart_driver.o
                0x00005248                LPUART_DRV_IRQHandler
 .text.LPUART_Init
                0x000054bc       0x24 ./SDK/platform/drivers/src/lpuart/lpuart_hw_access.o
                0x000054bc                LPUART_Init
 .text.LPUART_SetBitCountPerChar
                0x000054e0       0x30 ./SDK/platform/drivers/src/lpuart/lpuart_hw_access.o
                0x000054e0                LPUART_SetBitCountPerChar
 .text.LPUART_SetParityMode
                0x00005510       0x1e ./SDK/platform/drivers/src/lpuart/lpuart_hw_access.o
                0x00005510                LPUART_SetParityMode
 .text.LPUART_Putchar9
                0x0000552e       0x16 ./SDK/platform/drivers/src/lpuart/lpuart_hw_access.o
                0x0000552e                LPUART_Putchar9
 .text.LPUART_Putchar10
                0x00005544       0x22 ./SDK/platform/drivers/src/lpuart/lpuart_hw_access.o
                0x00005544                LPUART_Putchar10
 .text.LPUART_Getchar9
                0x00005566       0x1e ./SDK/platform/drivers/src/lpuart/lpuart_hw_access.o
                0x00005566                LPUART_Getchar9
 .text.LPUART_Getchar10
                0x00005584       0x26 ./SDK/platform/drivers/src/lpuart/lpuart_hw_access.o
                0x00005584                LPUART_Getchar10
 .text.LPUART_SetIntMode
                0x000055aa       0x70 ./SDK/platform/drivers/src/lpuart/lpuart_hw_access.o
                0x000055aa                LPUART_SetIntMode
 .text.LPUART_GetIntMode
                0x0000561a       0x4a ./SDK/platform/drivers/src/lpuart/lpuart_hw_access.o
                0x0000561a                LPUART_GetIntMode
 .text.LPUART_GetStatusFlag
                0x00005664       0x48 ./SDK/platform/drivers/src/lpuart/lpuart_hw_access.o
                0x00005664                LPUART_GetStatusFlag
 .text.LPUART_SetErrorInterrupts
                0x000056ac       0x40 ./SDK/platform/drivers/src/lpuart/lpuart_hw_access.o
                0x000056ac                LPUART_SetErrorInterrupts
 .text.LPUART0_IrqHandler
                0x000056ec        0xa ./SDK/platform/drivers/src/lpuart/lpuart_irq.o
                0x000056ec                LPUART0_IrqHandler
 .text.LPUART1_IrqHandler
                0x000056f6        0xa ./SDK/platform/drivers/src/lpuart/lpuart_irq.o
                0x000056f6                LPUART1_IrqHandler
 .text.LPUART2_IrqHandler
                0x00005700        0xa ./SDK/platform/drivers/src/lpuart/lpuart_irq.o
                0x00005700                LPUART2_IrqHandler
 .text.PINS_DRV_Init
                0x0000570a       0x20 ./SDK/platform/drivers/src/pins/pins_driver.o
                0x0000570a                PINS_DRV_Init
 .text.PINS_DRV_SetPinIntSel
                0x0000572a       0x20 ./SDK/platform/drivers/src/pins/pins_driver.o
                0x0000572a                PINS_DRV_SetPinIntSel
 .text.PINS_DRV_ClearPinIntFlagCmd
                0x0000574a       0x16 ./SDK/platform/drivers/src/pins/pins_driver.o
                0x0000574a                PINS_DRV_ClearPinIntFlagCmd
 .text.PINS_DRV_GetPortIntFlag
                0x00005760        0x6 ./SDK/platform/drivers/src/pins/pins_driver.o
                0x00005760                PINS_DRV_GetPortIntFlag
 .text.PINS_DRV_ClearPortIntFlagCmd
                0x00005766        0xa ./SDK/platform/drivers/src/pins/pins_driver.o
                0x00005766                PINS_DRV_ClearPortIntFlagCmd
 .text.PINS_DRV_SetPinDirection
                0x00005770       0x18 ./SDK/platform/drivers/src/pins/pins_driver.o
                0x00005770                PINS_DRV_SetPinDirection
 .text.PINS_DRV_SetPinsDirection
                0x00005788        0x4 ./SDK/platform/drivers/src/pins/pins_driver.o
                0x00005788                PINS_DRV_SetPinsDirection
 .text.PINS_DRV_WritePin
                0x0000578c       0x18 ./SDK/platform/drivers/src/pins/pins_driver.o
                0x0000578c                PINS_DRV_WritePin
 .text.PINS_DRV_SetPins
                0x000057a4        0x4 ./SDK/platform/drivers/src/pins/pins_driver.o
                0x000057a4                PINS_DRV_SetPins
 .text.PINS_DRV_ClearPins
                0x000057a8        0x4 ./SDK/platform/drivers/src/pins/pins_driver.o
                0x000057a8                PINS_DRV_ClearPins
 .text.PINS_DRV_TogglePins
                0x000057ac        0x4 ./SDK/platform/drivers/src/pins/pins_driver.o
                0x000057ac                PINS_DRV_TogglePins
 .text.PINS_DRV_ReadPins
                0x000057b0        0x4 ./SDK/platform/drivers/src/pins/pins_driver.o
                0x000057b0                PINS_DRV_ReadPins
 .text.PINS_GetAdcInterleaveVal
                0x000057b4       0x70 ./SDK/platform/drivers/src/pins/pins_port_hw_access.o
 .text.PINS_Init
                0x00005824      0x138 ./SDK/platform/drivers/src/pins/pins_port_hw_access.o
                0x00005824                PINS_Init
 .text.CAN_FindFlexCANState
                0x0000595c       0x14 ./SDK/platform/pal/src/can/can_pal.o
 .text.CAN_Init
                0x00005970       0xfc ./SDK/platform/pal/src/can/can_pal.o
                0x00005970                CAN_Init
 .text.CAN_ConfigTxBuff
                0x00005a6c       0xa8 ./SDK/platform/pal/src/can/can_pal.o
                0x00005a6c                CAN_ConfigTxBuff
 .text.CAN_ConfigRxBuff
                0x00005b14       0xbc ./SDK/platform/pal/src/can/can_pal.o
                0x00005b14                CAN_ConfigRxBuff
 .text.CAN_Send
                0x00005bd0       0xac ./SDK/platform/pal/src/can/can_pal.o
                0x00005bd0                CAN_Send
 .text.CAN_Receive
                0x00005c7c       0x64 ./SDK/platform/pal/src/can/can_pal.o
                0x00005c7c                CAN_Receive
 .text.CAN_GetTransferStatus
                0x00005ce0       0x50 ./SDK/platform/pal/src/can/can_pal.o
                0x00005ce0                CAN_GetTransferStatus
 .text.SVC_Handler
                0x00005d30        0xc ./SDK/rtos/osif/nailosif_baremetal.o
                0x00005d30                SVC_Handler
 .text.PendSV_Handler
                0x00005d3c       0x10 ./SDK/rtos/osif/nailosif_baremetal.o
                0x00005d3c                PendSV_Handler
 .text.SysTick_Handler
                0x00005d4c       0x10 ./SDK/rtos/osif/nailosif_baremetal.o
                0x00005d4c                SysTick_Handler
 .text.OSIF_TimeDelay
                0x00005d5c       0x70 ./SDK/rtos/osif/nailosif_baremetal.o
                0x00005d5c                OSIF_TimeDelay
 .text.OSIF_GetMilliseconds
                0x00005dcc        0xc ./SDK/rtos/osif/nailosif_baremetal.o
                0x00005dcc                OSIF_GetMilliseconds
 .text.OSIF_SemaWait
                0x00005dd8       0xa0 ./SDK/rtos/osif/nailosif_baremetal.o
                0x00005dd8                OSIF_SemaWait
 .text.OSIF_SemaPost
                0x00005e78       0x2c ./SDK/rtos/osif/nailosif_baremetal.o
                0x00005e78                OSIF_SemaPost
 .text.OSIF_SemaCreate
                0x00005ea4       0x1a ./SDK/rtos/osif/nailosif_baremetal.o
                0x00005ea4                OSIF_SemaCreate
 .text.OSIF_SemaDestroy
                0x00005ebe        0xa ./SDK/rtos/osif/nailosif_baremetal.o
                0x00005ebe                OSIF_SemaDestroy
 .text.doMakeSpiSend
                0x00005ec8       0x5c ./src/commble.o
 .text.doSendCrc32
                0x00005f24       0x56 ./src/commble.o
 *fill*         0x00005f7a        0x2 
 .text.callbackReceive
                0x00005f7c       0x64 ./src/commble.o
 .text.callbackSpiIo
                0x00005fe0       0x44 ./src/commble.o
 .text.doAutoBaudrate
                0x00006024       0x24 ./src/commble.o
 .text.initBLE  0x00006048       0xcc ./src/commble.o
                0x00006048                initBLE
 .text.doCan2Ble
                0x00006114       0x98 ./src/commble.o
                0x00006114                doCan2Ble
 .text.commBLE  0x000061ac      0x670 ./src/commble.o
                0x000061ac                commBLE
 .text.OnbMsgData
                0x0000681c       0x3a ./src/commcanoe.o
 *fill*         0x00006856        0x2 
 .text.makeDevData
                0x00006858      0x2ec ./src/commcanoe.o
 .text.initCANOE
                0x00006b44      0x110 ./src/commcanoe.o
                0x00006b44                initCANOE
 .text.commCANOE
                0x00006c54      0x108 ./src/commcanoe.o
                0x00006c54                commCANOE
 .text.doBle2Can
                0x00006d5c       0x58 ./src/commcanoe.o
                0x00006d5c                doBle2Can
 .text.doUwb2Can
                0x00006db4       0x48 ./src/commcanoe.o
                0x00006db4                doUwb2Can
 .text.callbackCCIF
                0x00006dfc       0x1c ./src/commpc.o
                0x00006dfc                callbackCCIF
 .text.callbackTFTC
                0x00006e18       0x10 ./src/commpc.o
 .text.callbackTransmit
                0x00006e28       0x10 ./src/commpc.o
 .text.callbackReceive
                0x00006e38       0x4c ./src/commpc.o
 .text.doSendData
                0x00006e84       0xe8 ./src/commpc.o
 .text.initPC   0x00006f6c       0xa4 ./src/commpc.o
                0x00006f6c                initPC
 .text.commPC   0x00007010      0x590 ./src/commpc.o
                0x00007010                commPC
 .text.doSendDebug
                0x000075a0        0xe ./src/commpc.o
                0x000075a0                doSendDebug
 .text.callbackSpiMaster
                0x000075ae        0xc ./src/commuwb.o
 *fill*         0x000075ba        0x2 
 .text.initUWB  0x000075bc       0x84 ./src/commuwb.o
                0x000075bc                initUWB
 .text.commUWB  0x00007640      0x5d4 ./src/commuwb.o
                0x00007640                commUWB
 .text.doCan2Uwb
                0x00007c14       0x64 ./src/commuwb.o
                0x00007c14                doCan2Uwb
 .text.main     0x00007c78       0xe0 ./src/main.o
                0x00007c78                main
 .text.setEvent
                0x00007d58       0x1c ./src/main.o
                0x00007d58                setEvent
 .text.buttonISR
                0x00007d74       0x48 ./src/main.o
 .text.toggleLed
                0x00007dbc       0x14 ./src/main.o
                0x00007dbc                toggleLed
 .text.simpleCopy
                0x00007dd0       0x14 ./src/util.o
                0x00007dd0                simpleCopy
 .text.simpleZero
                0x00007de4       0x10 ./src/util.o
                0x00007de4                simpleZero
 .text.crc32    0x00007df4       0x38 ./src/util.o
                0x00007df4                crc32
 .text.queueOpen
                0x00007e2c       0x64 ./src/util.o
                0x00007e2c                queueOpen
 .text.queuePutBuffer
                0x00007e90       0x98 ./src/util.o
                0x00007e90                queuePutBuffer
 .text.queueGetBuffer
                0x00007f28       0x98 ./src/util.o
                0x00007f28                queueGetBuffer
 .text.queueIsEmpty
                0x00007fc0       0x38 ./src/util.o
                0x00007fc0                queueIsEmpty
 .text.queueGetLength
                0x00007ff8       0x38 ./src/util.o
                0x00007ff8                queueGetLength
 .text.queueEmpty
                0x00008030       0x58 ./src/util.o
                0x00008030                queueEmpty
 .text.queueGetAvailableSpace
                0x00008088       0x3c ./src/util.o
                0x00008088                queueGetAvailableSpace
 .text.queuePutByte
                0x000080c4       0x48 ./src/util.o
                0x000080c4                queuePutByte
 .text.queueGetByte
                0x0000810c       0x54 ./src/util.o
                0x0000810c                queueGetByte
 .text.queuePutData
                0x00008160        0xa ./src/util.o
                0x00008160                queuePutData
 .text.queueGetData
                0x0000816a       0x1c ./src/util.o
                0x0000816a                queueGetData
 *fill*         0x00008186        0x2 
 .text.blockOpen
                0x00008188       0x24 ./src/util.o
                0x00008188                blockOpen
 .text.blockPutMessage
                0x000081ac       0x64 ./src/util.o
                0x000081ac                blockPutMessage
 .text.blockGetMessage
                0x00008210       0x90 ./src/util.o
                0x00008210                blockGetMessage
 .text.blockGetCount
                0x000082a0        0xc ./src/util.o
                0x000082a0                blockGetCount
 .text.memset   0x000082ac       0x10 C:/NXP/S32DS.3.5/S32DS/build_tools/gcc_b1620/gcc-6.3-arm32-eabi/arm-none-eabi/newlib/lib/thumb/v7e-m/fpv4-sp/hard\libc_nano.a(lib_a-memset.o)
                0x000082ac                memset
 .text.strncpy  0x000082bc       0x2a C:/NXP/S32DS.3.5/S32DS/build_tools/gcc_b1620/gcc-6.3-arm32-eabi/arm-none-eabi/newlib/lib/thumb/v7e-m/fpv4-sp/hard\libc_nano.a(lib_a-strncpy.o)
                0x000082bc                strncpy
 *(.rodata)
 *(.rodata*)
 *fill*         0x000082e6        0x2 
 .rodata.clockNameMappings
                0x000082e8       0x9e ./SDK/platform/drivers/src/clock/S32K1xx/clock_S32K1xx.o
                0x000082e8                clockNameMappings
 *fill*         0x00008386        0x2 
 .rodata.maxSysClksInHSRUN.7631
                0x00008388       0x54 ./SDK/platform/drivers/src/clock/S32K1xx/clock_S32K1xx.o
 .rodata.maxSysClksInRUN.7630
                0x000083dc       0x54 ./SDK/platform/drivers/src/clock/S32K1xx/clock_S32K1xx.o
 .rodata.maxSysClksInVLPR.7629
                0x00008430       0x54 ./SDK/platform/drivers/src/clock/S32K1xx/clock_S32K1xx.o
 .rodata.peripheralFeaturesList
                0x00008484       0x4f ./SDK/platform/drivers/src/clock/S32K1xx/clock_S32K1xx.o
                0x00008484                peripheralFeaturesList
 *fill*         0x000084d3        0x1 
 .rodata.s_edmaIrqId
                0x000084d4       0x10 ./SDK/platform/drivers/src/edma/edma_driver.o
 .rodata.fdInstances.7260
                0x000084e4        0x3 ./SDK/platform/drivers/src/flexcan/flexcan_driver.o
 *fill*         0x000084e7        0x1 
 .rodata.g_flexcanBase
                0x000084e8        0xc ./SDK/platform/drivers/src/flexcan/flexcan_driver.o
 .rodata.g_flexcanBusOffIrqId
                0x000084f4        0x3 ./SDK/platform/drivers/src/flexcan/flexcan_driver.o
 *fill*         0x000084f7        0x1 
 .rodata.g_flexcanErrorIrqId
                0x000084f8        0x3 ./SDK/platform/drivers/src/flexcan/flexcan_driver.o
 *fill*         0x000084fb        0x1 
 .rodata.g_flexcanOredMessageBufferIrqId
                0x000084fc        0x6 ./SDK/platform/drivers/src/flexcan/flexcan_driver.o
 *fill*         0x00008502        0x2 
 .rodata.g_flexcanWakeUpIrqId
                0x00008504        0x3 ./SDK/platform/drivers/src/flexcan/flexcan_driver.o
 *fill*         0x00008507        0x1 
 .rodata.payload_code.7358
                0x00008508       0x41 ./SDK/platform/drivers/src/flexcan/flexcan_hw_access.o
 *fill*         0x00008549        0x3 
 .rodata.s_baudratePrescaler
                0x0000854c       0x20 ./SDK/platform/drivers/src/lpspi/lpspi_hw_access.o
 .rodata.s_lpuartBase
                0x0000856c        0xc ./SDK/platform/drivers/src/lpuart/lpuart_driver.o
 .rodata.s_lpuartClkNames
                0x00008578        0x3 ./SDK/platform/drivers/src/lpuart/lpuart_driver.o
 *fill*         0x0000857b        0x1 
 .rodata.s_lpuartRxTxIrqId
                0x0000857c        0x3 ./SDK/platform/drivers/src/lpuart/lpuart_driver.o
 *fill*         0x0000857f        0x1 
 .rodata.can_pal1_Config0
                0x00008580       0x34 ./board/peripherals_can_pal1.o
                0x00008580                can_pal1_Config0
 .rodata.dmaController_InitConfig
                0x000085b4        0x2 ./board/peripherals_edma_config_1.o
                0x000085b4                dmaController_InitConfig
 *fill*         0x000085b6        0x2 
 .rodata.edmaChnConfigArray
                0x000085b8       0x10 ./board/peripherals_edma_config_1.o
                0x000085b8                edmaChnConfigArray
 .rodata.edmaChnStateArray
                0x000085c8       0x10 ./board/peripherals_edma_config_1.o
                0x000085c8                edmaChnStateArray
 .rodata.Flash_InitConfig0
                0x000085d8       0x14 ./board/peripherals_flash_FTFC.o
                0x000085d8                Flash_InitConfig0
 .rodata.lpspi_0_MasterConfig0
                0x000085ec       0x20 ./board/peripherals_lpspi_1.o
                0x000085ec                lpspi_0_MasterConfig0
 .rodata.lpspi_1_MasterConfig0
                0x0000860c       0x20 ./board/peripherals_lpspi_2.o
                0x0000860c                lpspi_1_MasterConfig0
 .rodata.lpUartInitConfig1
                0x0000862c        0xc ./board/peripherals_lpuart_LPUART_1.o
                0x0000862c                lpUartInitConfig1
 .rodata.lpUartInitConfig2
                0x00008638        0xc ./board/peripherals_lpuart_LPUART_2.o
                0x00008638                lpUartInitConfig2
 .rodata.commBLE.str1.4
                0x00008644       0x2e ./src/commble.o
 *fill*         0x00008672        0x2 
 .rodata.m_codeBle
                0x00008674    0x20bdc ./src/commble.o
                0x00008674                m_codeBle
 .rodata.buffCfgRxExt
                0x00029250        0x5 ./src/commcanoe.o
                0x00029250                buffCfgRxExt
 *fill*         0x00029255        0x3 
 .rodata.buffCfgTxExt
                0x00029258        0x5 ./src/commcanoe.o
                0x00029258                buffCfgTxExt
 *fill*         0x0002925d        0x3 
 .rodata.initPC.str1.4
                0x00029260       0x18 ./src/commpc.o
                                 0x16 (size before relaxing)
 .rodata.CIR_LOG
                0x00029278        0xe ./src/commuwb.o
                0x00029278                CIR_LOG
 *fill*         0x00029286        0x2 
 .rodata.RANGE_START_CMD
                0x00029288        0x8 ./src/commuwb.o
                0x00029288                RANGE_START_CMD
 .rodata.RANGE_STOP_CMD
                0x00029290        0x8 ./src/commuwb.o
                0x00029290                RANGE_STOP_CMD
 .rodata.SESSION_INIT_CMD
                0x00029298        0x9 ./src/commuwb.o
                0x00029298                SESSION_INIT_CMD
 *fill*         0x000292a1        0x3 
 .rodata.SESSION_SET_APP_CONFIG_CMD1
                0x000292a4       0x29 ./src/commuwb.o
                0x000292a4                SESSION_SET_APP_CONFIG_CMD1
 *fill*         0x000292cd        0x3 
 .rodata.SESSION_SET_APP_CONFIG_CMD2
                0x000292d0        0xc ./src/commuwb.o
                0x000292d0                SESSION_SET_APP_CONFIG_CMD2
 .rodata.SESSION_SET_APP_CONFIG_CMD_CIR
                0x000292dc       0x11 ./src/commuwb.o
                0x000292dc                SESSION_SET_APP_CONFIG_CMD_CIR
 *fill*         0x000292ed        0x3 
 .rodata.m_InitTable
                0x000292f0       0x30 ./src/commuwb.o
 .rodata.m_ReprogramTable
                0x00029320       0x40 ./src/commuwb.o
 .rodata.m_SwupFinish
                0x00029360        0x4 ./src/commuwb.o
                0x00029360                m_SwupFinish
 .rodata.m_SwupFlashFramse
                0x00029364        0x7 ./src/commuwb.o
                0x00029364                m_SwupFlashFramse
 *fill*         0x0002936b        0x1 
 .rodata.m_SwupManifestFrames
                0x0002936c        0x5 ./src/commuwb.o
                0x0002936c                m_SwupManifestFrames
 *fill*         0x00029371        0x3 
 .rodata.m_SwupStartUpdate
                0x00029374        0x4 ./src/commuwb.o
                0x00029374                m_SwupStartUpdate
 .rodata.m_SwupUciActivate
                0x00029378        0x5 ./src/commuwb.o
                0x00029378                m_SwupUciActivate
 *fill*         0x0002937d        0x3 
 .rodata.m_SwupUciMessage
                0x00029380        0x4 ./src/commuwb.o
                0x00029380                m_SwupUciMessage
 .rodata.m_SwupUciReset
                0x00029384        0x5 ./src/commuwb.o
                0x00029384                m_SwupUciReset
 *fill*         0x00029389        0x3 
 .rodata.m_SwupVerify
                0x0002938c        0x4 ./src/commuwb.o
                0x0002938c                m_SwupVerify
 .rodata.crc32_tab
                0x00029390      0x400 ./src/util.o
 *(.init)
 .init          0x00029790        0x4 c:/nxp/s32ds.3.5/s32ds/build_tools/gcc_b1620/gcc-6.3-arm32-eabi/bin/../lib/gcc/arm-none-eabi/6.3.1/thumb/v7e-m/fpv4-sp/hard/crti.o
                0x00029790                _init
 *(.fini)
 .fini          0x00029794        0x4 c:/nxp/s32ds.3.5/s32ds/build_tools/gcc_b1620/gcc-6.3-arm32-eabi/bin/../lib/gcc/arm-none-eabi/6.3.1/thumb/v7e-m/fpv4-sp/hard/crti.o
                0x00029794                _fini
 .fini.__stub   0x00029798        0x8 linker stubs
 *(.eh_frame)
                0x000297a0                . = ALIGN (0x4)

.glue_7         0x000297a0        0x0
 .glue_7        0x000297a0        0x0 linker stubs

.glue_7t        0x000297a0        0x0
 .glue_7t       0x000297a0        0x0 linker stubs

.vfp11_veneer   0x000297a0        0x0
 .vfp11_veneer  0x000297a0        0x0 linker stubs

.v4_bx          0x000297a0        0x0
 .v4_bx         0x000297a0        0x0 linker stubs

.iplt           0x000297a0        0x0
 .iplt          0x000297a0        0x0 ./Project_Settings/Startup_Code/startup_S32K144.o

.ARM            0x000297a0        0x0
                0x000297a0                __exidx_start = .
 *(.ARM.exidx*)
                0x000297a0                __exidx_end = .
                0x000297a0                __etext = .
                0x000297a0                __DATA_ROM = .

.interrupts_ram
                0x1fff8000      0x400
                0x1fff8000                . = ALIGN (0x4)
                0x1fff8000                __VECTOR_RAM__ = .
                0x1fff8000                __RAM_START = .
                0x1fff8000                __interrupts_ram_start__ = .
 *(.m_interrupts_ram)
                0x1fff8400                . = (. + M_VECTOR_RAM_SIZE)
 *fill*         0x1fff8000      0x400 
                0x1fff8400                . = ALIGN (0x4)
                0x1fff8400                __interrupts_ram_end__ = .
                0x1fff8000                __VECTOR_RAM = DEFINED (__flash_vector_table__)?ORIGIN (m_interrupts):__VECTOR_RAM__
                0x00000400                __RAM_VECTOR_TABLE_SIZE = DEFINED (__flash_vector_table__)?0x0:(__interrupts_ram_end__ - __interrupts_ram_start__)

.data           0x1fff8400      0x5dc load address 0x000297a0
                0x1fff8400                . = ALIGN (0x4)
                0x1fff8400                __DATA_RAM = .
                0x1fff8400                __data_start__ = .
 *(.data)
 *(.data*)
 .data.peripheralClockConfig.7378
                0x1fff8400       0xa0 ./SDK/platform/drivers/src/clock/S32K1xx/clock_S32K1xx.o
 .data.g_lpspiBase
                0x1fff84a0        0xc ./SDK/platform/drivers/src/lpspi/lpspi_shared_function.o
                0x1fff84a0                g_lpspiBase
 .data.g_lpspiIrqId
                0x1fff84ac        0x3 ./SDK/platform/drivers/src/lpspi/lpspi_shared_function.o
                0x1fff84ac                g_lpspiIrqId
 *fill*         0x1fff84af        0x1 
 .data.g_lpuartIsr
                0x1fff84b0        0xc ./SDK/platform/drivers/src/lpuart/lpuart_irq.o
                0x1fff84b0                g_lpuartIsr
 .data.first_init.7612
                0x1fff84bc        0x1 ./SDK/rtos/osif/nailosif_baremetal.o
 *fill*         0x1fff84bd        0x3 
 .data.clockMan1_InitConfig0
                0x1fff84c0       0x88 ./board/clock_config.o
                0x1fff84c0                clockMan1_InitConfig0
 .data.peripheralClockConfig0
                0x1fff8548       0xa0 ./board/clock_config.o
                0x1fff8548                peripheralClockConfig0
 .data.dmaControllerChn0_Config
                0x1fff85e8       0x10 ./board/peripherals_edma_config_1.o
                0x1fff85e8                dmaControllerChn0_Config
 .data.dmaControllerChn1_Config
                0x1fff85f8       0x10 ./board/peripherals_edma_config_1.o
                0x1fff85f8                dmaControllerChn1_Config
 .data.dmaControllerChn2_Config
                0x1fff8608       0x10 ./board/peripherals_edma_config_1.o
                0x1fff8608                dmaControllerChn2_Config
 .data.dmaControllerChn3_Config
                0x1fff8618       0x10 ./board/peripherals_edma_config_1.o
                0x1fff8618                dmaControllerChn3_Config
 .data.g_pin_mux_InitConfigArr0
                0x1fff8628      0x2a0 ./board/pin_mux.o
                0x1fff8628                g_pin_mux_InitConfigArr0
 .data.m_messageTx_01_00
                0x1fff88c8       0x4c ./src/commcanoe.o
 .data.m_messageTx_03_00
                0x1fff8914       0x4c ./src/commcanoe.o
 .data.m_messageTx_20_200
                0x1fff8960       0x4c ./src/commcanoe.o
 .data.m_bTransmitted
                0x1fff89ac        0x1 ./src/commpc.o
 *fill*         0x1fff89ad        0x3 
 .data.m_info   0x1fff89b0       0x28 ./src/commpc.o
 .data.m_nBlockHandle
                0x1fff89d8        0x4 ./src/commpc.o
                0x1fff89dc                . = ALIGN (0x4)
                0x1fff89dc                __data_end__ = .
                0x00029d7c                __DATA_END = (__DATA_ROM + (__data_end__ - __data_start__))
                0x00029d7c                __CODE_ROM = __DATA_END

.igot.plt       0x1fff89dc        0x0 load address 0x00029d7c
 .igot.plt      0x1fff89dc        0x0 ./Project_Settings/Startup_Code/startup_S32K144.o

.code           0x1fff89dc       0x3c load address 0x00029d7c
                0x1fff89dc                . = ALIGN (0x4)
                0x1fff89dc                __CODE_RAM = .
                0x1fff89dc                __code_start__ = .
                0x1fff89dc                __code_ram_start__ = .
 *(.code_ram)
 .code_ram      0x1fff89dc       0x3c ./SDK/platform/drivers/src/flash/flash_driver.o
                0x1fff8a18                . = ALIGN (0x4)
                0x1fff8a18                __code_end__ = .
                0x1fff8a18                __code_ram_end__ = .
                0x00029db8                __CODE_END = (__CODE_ROM + (__code_end__ - __code_start__))
                0x00029db8                __CUSTOM_ROM = __CODE_END

.rel.dyn        0x1fff8a18        0x0 load address 0x00029db8
 .rel.iplt      0x1fff8a18        0x0 ./Project_Settings/Startup_Code/startup_S32K144.o

.customSectionBlock
                0x20000000        0x0 load address 0x00029db8
                0x20000000                __customSection_start__ = .
 *(.customSection)
                0x20000000                __customSection_end__ = .
                0x00029db8                __CUSTOM_END = (__CUSTOM_ROM + (__customSection_end__ - __customSection_start__))
                0x00029db8                __rom_end = __CUSTOM_END

.bss            0x20000000     0x15c8
                0x20000000                . = ALIGN (0x4)
                0x20000000                __BSS_START = .
                0x20000000                __bss_start__ = .
 *(.bss)
 *(.bss*)
 .bss.g_RtcClkInFreq
                0x20000000        0x4 ./SDK/platform/drivers/src/clock/S32K1xx/clock_S32K1xx.o
                0x20000000                g_RtcClkInFreq
 .bss.g_TClkFreq
                0x20000004        0xc ./SDK/platform/drivers/src/clock/S32K1xx/clock_S32K1xx.o
                0x20000004                g_TClkFreq
 .bss.g_xtal0ClkFreq
                0x20000010        0x4 ./SDK/platform/drivers/src/clock/S32K1xx/clock_S32K1xx.o
                0x20000010                g_xtal0ClkFreq
 .bss.s_virtEdmaState
                0x20000014        0x4 ./SDK/platform/drivers/src/edma/edma_driver.o
 .bss.g_flexcanStatePtr
                0x20000018        0xc ./SDK/platform/drivers/src/flexcan/flexcan_driver.o
 .bss.g_interruptDisableCount
                0x20000024        0x4 ./SDK/platform/drivers/src/interrupt/interrupt_manager.o
 .bss.g_lpspiStatePtr
                0x20000028        0xc ./SDK/platform/drivers/src/lpspi/lpspi_shared_function.o
                0x20000028                g_lpspiStatePtr
 .bss.s_lpuartStatePtr
                0x20000034        0xc ./SDK/platform/drivers/src/lpuart/lpuart_driver.o
 .bss.s_flexcanRxFifoState
                0x20000040        0x2 ./SDK/platform/pal/src/can/can_pal.o
 *fill*         0x20000042        0x2 
 .bss.s_flexcanState
                0x20000044      0x114 ./SDK/platform/pal/src/can/can_pal.o
 .bss.s_flexcanStateInstanceMapping
                0x20000158        0x4 ./SDK/platform/pal/src/can/can_pal.o
 .bss.s_flexcanStateIsAllocated
                0x2000015c        0x1 ./SDK/platform/pal/src/can/can_pal.o
 *fill*         0x2000015d        0x3 
 .bss.s_hwObjConfigs
                0x20000160       0x80 ./SDK/platform/pal/src/can/can_pal.o
 .bss.m_nPendSvCall
                0x200001e0        0x4 ./SDK/rtos/osif/nailosif_baremetal.o
 .bss.m_nSvcCall
                0x200001e4        0x4 ./SDK/rtos/osif/nailosif_baremetal.o
 .bss.s_osif_tick_cnt
                0x200001e8        0x4 ./SDK/rtos/osif/nailosif_baremetal.o
 .bss.can_pal1_instance
                0x200001ec        0x8 ./board/peripherals_can_pal1.o
                0x200001ec                can_pal1_instance
 .bss.dmaControllerChn0_State
                0x200001f4       0x10 ./board/peripherals_edma_config_1.o
                0x200001f4                dmaControllerChn0_State
 .bss.dmaControllerChn1_State
                0x20000204       0x10 ./board/peripherals_edma_config_1.o
                0x20000204                dmaControllerChn1_State
 .bss.dmaControllerChn2_State
                0x20000214       0x10 ./board/peripherals_edma_config_1.o
                0x20000214                dmaControllerChn2_State
 .bss.dmaControllerChn3_State
                0x20000224       0x10 ./board/peripherals_edma_config_1.o
                0x20000224                dmaControllerChn3_State
 .bss.dmaController_State
                0x20000234       0x40 ./board/peripherals_edma_config_1.o
                0x20000234                dmaController_State
 .bss.lpspi_1State
                0x20000274       0x34 ./board/peripherals_lpspi_1.o
                0x20000274                lpspi_1State
 .bss.lpspi_2State
                0x200002a8       0x34 ./board/peripherals_lpspi_2.o
                0x200002a8                lpspi_2State
 .bss.lpUartState1
                0x200002dc       0x34 ./board/peripherals_lpuart_LPUART_1.o
                0x200002dc                lpUartState1
 .bss.lpUartState2
                0x20000310       0x34 ./board/peripherals_lpuart_LPUART_2.o
                0x20000310                lpUartState2
 .bss.m_RecvBuffer
                0x20000344      0x100 ./src/commble.o
 .bss.m_SpiRecv
                0x20000444       0x90 ./src/commble.o
 .bss.m_SpiSend
                0x200004d4       0x90 ./src/commble.o
 .bss.m_SpiZero
                0x20000564       0x90 ./src/commble.o
 .bss.m_bIntOccured
                0x200005f4        0x1 ./src/commble.o
 .bss.m_bReceived
                0x200005f5        0x1 ./src/commble.o
 .bss.m_bResponseDone
                0x200005f6        0x1 ./src/commble.o
 .bss.m_bTransmitted
                0x200005f7        0x1 ./src/commble.o
 .bss.m_nAutoGenerionTimer
                0x200005f8        0x4 ./src/commble.o
 .bss.m_nBleStatus
                0x200005fc        0x4 ./src/commble.o
 .bss.m_nCrc32  0x20000600        0x4 ./src/commble.o
 .bss.m_nEraseCounter
                0x20000604        0x4 ./src/commble.o
 .bss.m_nEraseMaxCounter
                0x20000608        0x4 ./src/commble.o
 .bss.m_nFileSize
                0x2000060c        0x4 ./src/commble.o
 .bss.m_nFlashCounter
                0x20000610        0x4 ./src/commble.o
 .bss.m_nFlashMaxCounter
                0x20000614        0x4 ./src/commble.o
 .bss.m_nFlowStep
                0x20000618        0x4 ./src/commble.o
 .bss.m_nGpioValue
                0x2000061c        0x4 ./src/commble.o
 .bss.m_nNumberReadsize
                0x20000620        0x4 ./src/commble.o
 .bss.m_nRebootTimer
                0x20000624        0x4 ./src/commble.o
 .bss.m_nRecvComplete
                0x20000628        0x4 ./src/commble.o
 .bss.m_nRecvLen
                0x2000062c        0x4 ./src/commble.o
 .bss.m_nRecvSize
                0x20000630        0x4 ./src/commble.o
 .bss.m_nReprogramCounter
                0x20000634        0x4 ./src/commble.o
 .bss.m_nSpiReadyTimer
                0x20000638        0x4 ./src/commble.o
 .bss.m_nSpiStep
                0x2000063c        0x4 ./src/commble.o
 .bss.m_nTransmitType
                0x20000640        0x4 ./src/commble.o
 .bss.m_BufferConfig
                0x20000644       0x23 ./src/commcanoe.o
 *fill*         0x20000667        0x1 
 .bss.m_CCU_01_00ms
                0x20000668       0x20 ./src/commcanoe.o
 .bss.m_IAU_FD_04_200ms
                0x20000688       0x20 ./src/commcanoe.o
 .bss.m_IAU_FD_05_200ms
                0x200006a8       0x20 ./src/commcanoe.o
 .bss.m_L_BDC_FD_IAU_02_00ms
                0x200006c8       0x20 ./src/commcanoe.o
 .bss.m_L_BDC_FD_IAU_10_200ms
                0x200006e8       0x20 ./src/commcanoe.o
 .bss.m_L_UWB_BLE_MST_FD_14_00ms
                0x20000708       0x20 ./src/commcanoe.o
 .bss.m_L_UWB_BLE_SLV_FD_01_00ms
                0x20000728       0x20 ./src/commcanoe.o
 .bss.m_pCCU_01_00ms
                0x20000748        0x4 ./src/commcanoe.o
 .bss.m_pIAU_FD_04_200ms
                0x2000074c        0x4 ./src/commcanoe.o
 .bss.m_pIAU_FD_05_200ms
                0x20000750        0x4 ./src/commcanoe.o
 .bss.m_pL_BDC_FD_IAU_02_00ms
                0x20000754        0x4 ./src/commcanoe.o
 .bss.m_pL_BDC_FD_IAU_10_200ms
                0x20000758        0x4 ./src/commcanoe.o
 .bss.m_pL_UWB_BLE_MST_FD_14_00ms
                0x2000075c        0x4 ./src/commcanoe.o
 .bss.m_pL_UWB_BLE_SLV_FD_01_00ms
                0x20000760        0x4 ./src/commcanoe.o
 .bss.m_recvMsg
                0x20000764      0x4c0 ./src/commcanoe.o
                0x20000764                m_recvMsg
 .bss.flashSSDConfig
                0x20000c24       0x1c ./src/commpc.o
 .bss.m_BleHdr  0x20000c40       0x10 ./src/commpc.o
 .bss.m_ProcBuffer
                0x20000c50      0x100 ./src/commpc.o
 .bss.m_RecvBuffer
                0x20000d50      0x100 ./src/commpc.o
 .bss.m_SendBuffer
                0x20000e50      0x100 ./src/commpc.o
 .bss.m_UwbHdr  0x20000f50       0x10 ./src/commpc.o
 .bss.m_bReceived
                0x20000f60        0x1 ./src/commpc.o
 *fill*         0x20000f61        0x3 
 .bss.m_nRecvLen
                0x20000f64        0x4 ./src/commpc.o
 .bss.m_nRecvSize
                0x20000f68        0x4 ./src/commpc.o
 .bss.m_RangingResult
                0x20000f6c       0x18 ./src/commuwb.o
 .bss.m_UciRecv
                0x20000f84       0x90 ./src/commuwb.o
 .bss.m_UciSend
                0x20001014       0x90 ./src/commuwb.o
 .bss.m_UciTemp
                0x200010a4        0x4 ./src/commuwb.o
 .bss.m_UciZero
                0x200010a8       0x90 ./src/commuwb.o
 .bss.m_bResponseDone
                0x20001138        0x1 ./src/commuwb.o
 .bss.m_bTransmitted
                0x20001139        0x1 ./src/commuwb.o
 *fill*         0x2000113a        0x2 
 .bss.m_nFlashCounter
                0x2000113c        0x4 ./src/commuwb.o
 .bss.m_nFlashMaxCounter
                0x20001140        0x4 ./src/commuwb.o
 .bss.m_nFlowNext
                0x20001144        0x4 ./src/commuwb.o
 .bss.m_nFlowStep
                0x20001148        0x4 ./src/commuwb.o
 .bss.m_nGID    0x2000114c        0x4 ./src/commuwb.o
 .bss.m_nInitCounter
                0x20001150        0x4 ./src/commuwb.o
 .bss.m_nManifestCounter
                0x20001154        0x4 ./src/commuwb.o
 .bss.m_nNumberReadsize
                0x20001158        0x4 ./src/commuwb.o
 .bss.m_nNumberSendsize
                0x2000115c        0x4 ./src/commuwb.o
 .bss.m_nOPID   0x20001160        0x4 ./src/commuwb.o
 .bss.m_nRangingCount
                0x20001164        0x4 ./src/commuwb.o
 .bss.m_nRebootTimer
                0x20001168        0x4 ./src/commuwb.o
 .bss.m_nReprogramCounter
                0x2000116c        0x4 ./src/commuwb.o
 .bss.m_nTransmitType
                0x20001170        0x4 ./src/commuwb.o
 .bss.m_nUciReadyTimer
                0x20001174        0x4 ./src/commuwb.o
 .bss.m_nUciStep
                0x20001178        0x4 ./src/commuwb.o
 .bss.m_transStatus
                0x2000117c        0x2 ./src/commuwb.o
 *fill*         0x2000117e        0x2 
 .bss.m_nEvent  0x20001180        0x4 ./src/main.o
                0x20001180                m_nEvent
 .bss.m_bIsUsed
                0x20001184        0x4 ./src/util.o
 .bss.m_bufferQueue
                0x20001188      0x400 ./src/util.o
 .bss.m_nCount  0x20001588       0x10 ./src/util.o
 .bss.m_structQueue
                0x20001598       0x30 ./src/util.o
 *(COMMON)
                0x200015c8                . = ALIGN (0x4)
                0x200015c8                __bss_end__ = .
                0x200015c8                __BSS_END = .

.heap           0x200015c8      0x400
                0x200015c8                . = ALIGN (0x8)
                0x200015c8                __end__ = .
                0x200015c8                __heap_start__ = .
                [!provide]                PROVIDE (end = .)
                [!provide]                PROVIDE (_end = .)
                [!provide]                PROVIDE (__end = .)
                0x200015c8                __HeapBase = .
                0x200019c8                . = (. + HEAP_SIZE)
 *fill*         0x200015c8      0x400 
                0x200019c8                __HeapLimit = .
                0x200019c8                __heap_limit = .
                0x200019c8                __heap_end__ = .
                0x20007000                __StackTop = (ORIGIN (m_data_2) + LENGTH (m_data_2))
                0x20006c00                __StackLimit = (__StackTop - STACK_SIZE)
                0x20007000                PROVIDE (__stack = __StackTop)
                0x20007000                __RAM_END = __StackTop

.stack          0x20006c00      0x400
                0x20006c00                . = ALIGN (0x8)
                0x20006c00                __stack_start__ = .
                0x20007000                . = (. + STACK_SIZE)
 *fill*         0x20006c00      0x400 
                0x20007000                __stack_end__ = .

.ARM.attributes
                0x00000000       0x30
 *(.ARM.attributes)
 .ARM.attributes
                0x00000000       0x22 c:/nxp/s32ds.3.5/s32ds/build_tools/gcc_b1620/gcc-6.3-arm32-eabi/bin/../lib/gcc/arm-none-eabi/6.3.1/thumb/v7e-m/fpv4-sp/hard/crti.o
 .ARM.attributes
                0x00000022       0x1f ./Project_Settings/Startup_Code/startup_S32K144.o
 .ARM.attributes
                0x00000041       0x39 ./SDK/platform/devices/S32K144/startup/system_S32K144.o
 .ARM.attributes
                0x0000007a       0x39 ./SDK/platform/devices/startup.o
 .ARM.attributes
                0x000000b3       0x39 ./SDK/platform/drivers/src/clock/S32K1xx/clock_S32K1xx.o
 .ARM.attributes
                0x000000ec       0x39 ./SDK/platform/drivers/src/edma/edma_driver.o
 .ARM.attributes
                0x00000125       0x39 ./SDK/platform/drivers/src/edma/edma_hw_access.o
 .ARM.attributes
                0x0000015e       0x39 ./SDK/platform/drivers/src/edma/edma_irq.o
 .ARM.attributes
                0x00000197       0x39 ./SDK/platform/drivers/src/flash/flash_driver.o
 .ARM.attributes
                0x000001d0       0x39 ./SDK/platform/drivers/src/flexcan/flexcan_driver.o
 .ARM.attributes
                0x00000209       0x39 ./SDK/platform/drivers/src/flexcan/flexcan_hw_access.o
 .ARM.attributes
                0x00000242       0x39 ./SDK/platform/drivers/src/flexcan/flexcan_irq.o
 .ARM.attributes
                0x0000027b       0x39 ./SDK/platform/drivers/src/interrupt/interrupt_manager.o
 .ARM.attributes
                0x000002b4       0x39 ./SDK/platform/drivers/src/lpspi/lpspi_hw_access.o
 .ARM.attributes
                0x000002ed       0x39 ./SDK/platform/drivers/src/lpspi/lpspi_irq.o
 .ARM.attributes
                0x00000326       0x39 ./SDK/platform/drivers/src/lpspi/lpspi_master_driver.o
 .ARM.attributes
                0x0000035f       0x39 ./SDK/platform/drivers/src/lpspi/lpspi_shared_function.o
 .ARM.attributes
                0x00000398       0x39 ./SDK/platform/drivers/src/lpspi/lpspi_slave_driver.o
 .ARM.attributes
                0x000003d1       0x39 ./SDK/platform/drivers/src/lpuart/lpuart_driver.o
 .ARM.attributes
                0x0000040a       0x39 ./SDK/platform/drivers/src/lpuart/lpuart_hw_access.o
 .ARM.attributes
                0x00000443       0x39 ./SDK/platform/drivers/src/lpuart/lpuart_irq.o
 .ARM.attributes
                0x0000047c       0x39 ./SDK/platform/drivers/src/pins/pins_driver.o
 .ARM.attributes
                0x000004b5       0x39 ./SDK/platform/drivers/src/pins/pins_port_hw_access.o
 .ARM.attributes
                0x000004ee       0x39 ./SDK/platform/pal/src/can/can_pal.o
 .ARM.attributes
                0x00000527       0x39 ./SDK/rtos/osif/nailosif_baremetal.o
 .ARM.attributes
                0x00000560       0x39 ./board/clock_config.o
 .ARM.attributes
                0x00000599       0x39 ./board/peripherals_can_pal1.o
 .ARM.attributes
                0x000005d2       0x39 ./board/peripherals_edma_config_1.o
 .ARM.attributes
                0x0000060b       0x39 ./board/peripherals_flash_FTFC.o
 .ARM.attributes
                0x00000644       0x39 ./board/peripherals_lpspi_1.o
 .ARM.attributes
                0x0000067d       0x39 ./board/peripherals_lpspi_2.o
 .ARM.attributes
                0x000006b6       0x39 ./board/peripherals_lpuart_LPUART_1.o
 .ARM.attributes
                0x000006ef       0x39 ./board/peripherals_lpuart_LPUART_2.o
 .ARM.attributes
                0x00000728       0x39 ./board/pin_mux.o
 .ARM.attributes
                0x00000761       0x39 ./src/commble.o
 .ARM.attributes
                0x0000079a       0x39 ./src/commcanoe.o
 .ARM.attributes
                0x000007d3       0x39 ./src/commpc.o
 .ARM.attributes
                0x0000080c       0x39 ./src/commuwb.o
 .ARM.attributes
                0x00000845       0x39 ./src/main.o
 .ARM.attributes
                0x0000087e       0x39 ./src/util.o
 .ARM.attributes
                0x000008b7       0x34 C:/NXP/S32DS.3.5/S32DS/build_tools/gcc_b1620/gcc-6.3-arm32-eabi/arm-none-eabi/newlib/lib/thumb/v7e-m/fpv4-sp/hard\libc_nano.a(lib_a-memset.o)
 .ARM.attributes
                0x000008eb       0x34 C:/NXP/S32DS.3.5/S32DS/build_tools/gcc_b1620/gcc-6.3-arm32-eabi/arm-none-eabi/newlib/lib/thumb/v7e-m/fpv4-sp/hard\libc_nano.a(lib_a-strncpy.o)
                0x00000001                ASSERT ((__rom_end <= (ORIGIN (m_text) + LENGTH (m_text))), Region m_text overflowed!)
                0x00000001                ASSERT ((__StackLimit >= __HeapLimit), region m_data_2 overflowed with stack and heap)
OUTPUT(uwb_ble_s32k144.elf elf32-littlearm)

.debug_line     0x00000000    0x12f87
 .debug_line    0x00000000       0xcc ./Project_Settings/Startup_Code/startup_S32K144.o
 .debug_line    0x000000cc      0x427 ./SDK/platform/devices/S32K144/startup/system_S32K144.o
 .debug_line    0x000004f3      0x3b5 ./SDK/platform/devices/startup.o
 .debug_line    0x000008a8     0x150b ./SDK/platform/drivers/src/clock/S32K1xx/clock_S32K1xx.o
 .debug_line    0x00001db3     0x10e7 ./SDK/platform/drivers/src/edma/edma_driver.o
 .debug_line    0x00002e9a      0x61c ./SDK/platform/drivers/src/edma/edma_hw_access.o
 .debug_line    0x000034b6      0x583 ./SDK/platform/drivers/src/edma/edma_irq.o
 .debug_line    0x00003a39      0xb77 ./SDK/platform/drivers/src/flash/flash_driver.o
 .debug_line    0x000045b0     0x1358 ./SDK/platform/drivers/src/flexcan/flexcan_driver.o
 .debug_line    0x00005908      0xb28 ./SDK/platform/drivers/src/flexcan/flexcan_hw_access.o
 .debug_line    0x00006430      0x4a9 ./SDK/platform/drivers/src/flexcan/flexcan_irq.o
 .debug_line    0x000068d9      0x5ae ./SDK/platform/drivers/src/interrupt/interrupt_manager.o
 .debug_line    0x00006e87      0x6aa ./SDK/platform/drivers/src/lpspi/lpspi_hw_access.o
 .debug_line    0x00007531      0x5a0 ./SDK/platform/drivers/src/lpspi/lpspi_irq.o
 .debug_line    0x00007ad1      0xa4a ./SDK/platform/drivers/src/lpspi/lpspi_master_driver.o
 .debug_line    0x0000851b      0x67e ./SDK/platform/drivers/src/lpspi/lpspi_shared_function.o
 .debug_line    0x00008b99      0x927 ./SDK/platform/drivers/src/lpspi/lpspi_slave_driver.o
 .debug_line    0x000094c0      0xe98 ./SDK/platform/drivers/src/lpuart/lpuart_driver.o
 .debug_line    0x0000a358      0x668 ./SDK/platform/drivers/src/lpuart/lpuart_hw_access.o
 .debug_line    0x0000a9c0      0x45e ./SDK/platform/drivers/src/lpuart/lpuart_irq.o
 .debug_line    0x0000ae1e      0x6f5 ./SDK/platform/drivers/src/pins/pins_driver.o
 .debug_line    0x0000b513      0x5b4 ./SDK/platform/drivers/src/pins/pins_port_hw_access.o
 .debug_line    0x0000bac7      0xb60 ./SDK/platform/pal/src/can/can_pal.o
 .debug_line    0x0000c627      0x700 ./SDK/rtos/osif/nailosif_baremetal.o
 .debug_line    0x0000cd27      0x455 ./board/clock_config.o
 .debug_line    0x0000d17c      0x52b ./board/peripherals_can_pal1.o
 .debug_line    0x0000d6a7      0x412 ./board/peripherals_edma_config_1.o
 .debug_line    0x0000dab9      0x40d ./board/peripherals_flash_FTFC.o
 .debug_line    0x0000dec6      0x53b ./board/peripherals_lpspi_1.o
 .debug_line    0x0000e401      0x53b ./board/peripherals_lpspi_2.o
 .debug_line    0x0000e93c      0x49c ./board/peripherals_lpuart_LPUART_1.o
 .debug_line    0x0000edd8      0x49c ./board/peripherals_lpuart_LPUART_2.o
 .debug_line    0x0000f274      0x3ee ./board/pin_mux.o
 .debug_line    0x0000f662      0xa68 ./src/commble.o
 .debug_line    0x000100ca      0x963 ./src/commcanoe.o
 .debug_line    0x00010a2d      0x9e5 ./src/commpc.o
 .debug_line    0x00011412      0x8e6 ./src/commuwb.o
 .debug_line    0x00011cf8      0x854 ./src/main.o
 .debug_line    0x0001254c      0xa3b ./src/util.o

.debug_info     0x00000000    0x5a1b1
 .debug_info    0x00000000       0x26 ./Project_Settings/Startup_Code/startup_S32K144.o
 .debug_info    0x00000026      0x521 ./SDK/platform/devices/S32K144/startup/system_S32K144.o
 .debug_info    0x00000547      0x2ad ./SDK/platform/devices/startup.o
 .debug_info    0x000007f4     0x6226 ./SDK/platform/drivers/src/clock/S32K1xx/clock_S32K1xx.o
 .debug_info    0x00006a1a     0x489e ./SDK/platform/drivers/src/edma/edma_driver.o
 .debug_info    0x0000b2b8      0xa52 ./SDK/platform/drivers/src/edma/edma_hw_access.o
 .debug_info    0x0000bd0a      0x6da ./SDK/platform/drivers/src/edma/edma_irq.o
 .debug_info    0x0000c3e4     0x1e96 ./SDK/platform/drivers/src/flash/flash_driver.o
 .debug_info    0x0000e27a     0x5b81 ./SDK/platform/drivers/src/flexcan/flexcan_driver.o
 .debug_info    0x00013dfb     0x2028 ./SDK/platform/drivers/src/flexcan/flexcan_hw_access.o
 .debug_info    0x00015e23      0x280 ./SDK/platform/drivers/src/flexcan/flexcan_irq.o
 .debug_info    0x000160a3      0xc99 ./SDK/platform/drivers/src/interrupt/interrupt_manager.o
 .debug_info    0x00016d3c     0x13a6 ./SDK/platform/drivers/src/lpspi/lpspi_hw_access.o
 .debug_info    0x000180e2      0x788 ./SDK/platform/drivers/src/lpspi/lpspi_irq.o
 .debug_info    0x0001886a     0x2d2b ./SDK/platform/drivers/src/lpspi/lpspi_master_driver.o
 .debug_info    0x0001b595      0xb93 ./SDK/platform/drivers/src/lpspi/lpspi_shared_function.o
 .debug_info    0x0001c128     0x2612 ./SDK/platform/drivers/src/lpspi/lpspi_slave_driver.o
 .debug_info    0x0001e73a     0x375f ./SDK/platform/drivers/src/lpuart/lpuart_driver.o
 .debug_info    0x00021e99      0x9bb ./SDK/platform/drivers/src/lpuart/lpuart_hw_access.o
 .debug_info    0x00022854      0x127 ./SDK/platform/drivers/src/lpuart/lpuart_irq.o
 .debug_info    0x0002297b     0x14b7 ./SDK/platform/drivers/src/pins/pins_driver.o
 .debug_info    0x00023e32      0x9a5 ./SDK/platform/drivers/src/pins/pins_port_hw_access.o
 .debug_info    0x000247d7     0x2092 ./SDK/platform/pal/src/can/can_pal.o
 .debug_info    0x00026869     0x1443 ./SDK/rtos/osif/nailosif_baremetal.o
 .debug_info    0x00027cac     0x12b9 ./board/clock_config.o
 .debug_info    0x00028f65      0x24f ./board/peripherals_can_pal1.o
 .debug_info    0x000291b4      0x56a ./board/peripherals_edma_config_1.o
 .debug_info    0x0002971e      0x10c ./board/peripherals_flash_FTFC.o
 .debug_info    0x0002982a      0xb16 ./board/peripherals_lpspi_1.o
 .debug_info    0x0002a340      0xb16 ./board/peripherals_lpspi_2.o
 .debug_info    0x0002ae56      0x5cd ./board/peripherals_lpuart_LPUART_1.o
 .debug_info    0x0002b423      0x5cd ./board/peripherals_lpuart_LPUART_2.o
 .debug_info    0x0002b9f0      0x409 ./board/pin_mux.o
 .debug_info    0x0002bdf9     0xa25d ./src/commble.o
 .debug_info    0x00036056     0xa5f3 ./src/commcanoe.o
 .debug_info    0x00040649     0x4268 ./src/commpc.o
 .debug_info    0x000448b1     0x9757 ./src/commuwb.o
 .debug_info    0x0004e008     0x90f1 ./src/main.o
 .debug_info    0x000570f9     0x30b8 ./src/util.o

.debug_abbrev   0x00000000     0x5a2d
 .debug_abbrev  0x00000000       0x14 ./Project_Settings/Startup_Code/startup_S32K144.o
 .debug_abbrev  0x00000014      0x141 ./SDK/platform/devices/S32K144/startup/system_S32K144.o
 .debug_abbrev  0x00000155       0xe1 ./SDK/platform/devices/startup.o
 .debug_abbrev  0x00000236      0x409 ./SDK/platform/drivers/src/clock/S32K1xx/clock_S32K1xx.o
 .debug_abbrev  0x0000063f      0x412 ./SDK/platform/drivers/src/edma/edma_driver.o
 .debug_abbrev  0x00000a51      0x240 ./SDK/platform/drivers/src/edma/edma_hw_access.o
 .debug_abbrev  0x00000c91      0x1b9 ./SDK/platform/drivers/src/edma/edma_irq.o
 .debug_abbrev  0x00000e4a      0x2fc ./SDK/platform/drivers/src/flash/flash_driver.o
 .debug_abbrev  0x00001146      0x45b ./SDK/platform/drivers/src/flexcan/flexcan_driver.o
 .debug_abbrev  0x000015a1      0x3a5 ./SDK/platform/drivers/src/flexcan/flexcan_hw_access.o
 .debug_abbrev  0x00001946       0x6d ./SDK/platform/drivers/src/flexcan/flexcan_irq.o
 .debug_abbrev  0x000019b3      0x278 ./SDK/platform/drivers/src/interrupt/interrupt_manager.o
 .debug_abbrev  0x00001c2b      0x2a8 ./SDK/platform/drivers/src/lpspi/lpspi_hw_access.o
 .debug_abbrev  0x00001ed3      0x15e ./SDK/platform/drivers/src/lpspi/lpspi_irq.o
 .debug_abbrev  0x00002031      0x41e ./SDK/platform/drivers/src/lpspi/lpspi_master_driver.o
 .debug_abbrev  0x0000244f      0x278 ./SDK/platform/drivers/src/lpspi/lpspi_shared_function.o
 .debug_abbrev  0x000026c7      0x425 ./SDK/platform/drivers/src/lpspi/lpspi_slave_driver.o
 .debug_abbrev  0x00002aec      0x3ab ./SDK/platform/drivers/src/lpuart/lpuart_driver.o
 .debug_abbrev  0x00002e97      0x1ed ./SDK/platform/drivers/src/lpuart/lpuart_hw_access.o
 .debug_abbrev  0x00003084       0xba ./SDK/platform/drivers/src/lpuart/lpuart_irq.o
 .debug_abbrev  0x0000313e      0x2f6 ./SDK/platform/drivers/src/pins/pins_driver.o
 .debug_abbrev  0x00003434      0x232 ./SDK/platform/drivers/src/pins/pins_port_hw_access.o
 .debug_abbrev  0x00003666      0x317 ./SDK/platform/pal/src/can/can_pal.o
 .debug_abbrev  0x0000397d      0x404 ./SDK/rtos/osif/nailosif_baremetal.o
 .debug_abbrev  0x00003d81      0x125 ./board/clock_config.o
 .debug_abbrev  0x00003ea6       0x96 ./board/peripherals_can_pal1.o
 .debug_abbrev  0x00003f3c      0x100 ./board/peripherals_edma_config_1.o
 .debug_abbrev  0x0000403c       0x94 ./board/peripherals_flash_FTFC.o
 .debug_abbrev  0x000040d0      0x127 ./board/peripherals_lpspi_1.o
 .debug_abbrev  0x000041f7      0x127 ./board/peripherals_lpspi_2.o
 .debug_abbrev  0x0000431e       0xbf ./board/peripherals_lpuart_LPUART_1.o
 .debug_abbrev  0x000043dd       0xbf ./board/peripherals_lpuart_LPUART_2.o
 .debug_abbrev  0x0000449c       0xcd ./board/pin_mux.o
 .debug_abbrev  0x00004569      0x40c ./src/commble.o
 .debug_abbrev  0x00004975      0x3d4 ./src/commcanoe.o
 .debug_abbrev  0x00004d49      0x48a ./src/commpc.o
 .debug_abbrev  0x000051d3      0x2f5 ./src/commuwb.o
 .debug_abbrev  0x000054c8      0x2c9 ./src/main.o
 .debug_abbrev  0x00005791      0x29c ./src/util.o

.debug_aranges  0x00000000     0x11a0
 .debug_aranges
                0x00000000       0x20 ./Project_Settings/Startup_Code/startup_S32K144.o
 .debug_aranges
                0x00000020       0x30 ./SDK/platform/devices/S32K144/startup/system_S32K144.o
 .debug_aranges
                0x00000050       0x20 ./SDK/platform/devices/startup.o
 .debug_aranges
                0x00000070      0x128 ./SDK/platform/drivers/src/clock/S32K1xx/clock_S32K1xx.o
 .debug_aranges